<html>
<body>
<pre>
<h1>µVision Build Log</h1>
<h2>Tool Versions:</h2>
IDE-Version: ¦ÌVision V5.14.0.0
Copyright (C) 2015 ARM Ltd and ARM Germany GmbH. All rights reserved.
License Information: 1 JJQ, 1, LIC=X96CK-ZICLJ-IIN5V-PH683-8AHNP-H4DZA
 
Tool Versions:
Toolchain:       MDK-ARM Standard  Version: 5.14.0.0
Toolchain Path:  D:\Program Files\Keil_v5\ARM\ARMCC\Bin
C Compiler:      Armcc.exe V5.05 update 1 (build 106)
Assembler:       Armasm.exe V5.05 update 1 (build 106)
Linker/Locator:  ArmLink.exe V5.05 update 1 (build 106)
Library Manager: ArmAr.exe V5.05 update 1 (build 106)
Hex Converter:   FromElf.exe V5.05 update 1 (build 106)
CPU DLL:         SARMCM3.DLL V5.14.0.0
Dialog DLL:      DCM.DLL V1.13.1.0
Target DLL:      CMSIS_AGDI.dll V1.21.0.0
Dialog DLL:      TCM.DLL V1.14.4.0
 
<h2>Project:</h2>
E:\YXProjects\OBD2Prj\OBD1PulsPrj_20220406\MDK-ARM\OBD_Diagnostic_BoxPrj.uvprojx
Project File Date:  04/07/2022

<h2>Output:</h2>
Build target 'OBD_Diagnostic_BoxPrj'
compiling main.c...
linking...
Program Size: Code=23396 RO-data=175548 RW-data=160 ZI-data=7464  
FromELF: creating hex file...
After Build - User command #1: D:\Program Files\Keil_v5\ARM\ARMCC\bin\fromelf.exe --bin -o  OBD_Diagnostic_BoxPrj\OBD_Diagnostic_BoxPrj.bin OBD_Diagnostic_BoxPrj\OBD_Diagnostic_BoxPrj.axf
"OBD_Diagnostic_BoxPrj\OBD_Diagnostic_BoxPrj.axf" - 0 Error(s), 0 Warning(s).

<h2>Software Packages used:</h2>

Package Vendor: ARM
                http://www.keil.com/pack/ARM.CMSIS.4.2.0.pack
                ARM::CMSIS:CORE:3.40.0
                CMSIS (Cortex Microcontroller Software Interface Standard)
   * Component: CORE Version: 3.40.0

<h2>Collection of Component include folders:</h2>
  E:\YXProjects\OBD2Prj\OBD1PulsPrj_20220406\MDK-ARM\RTE
  D:\Program Files\Keil_v5\ARM\PACK\ARM\CMSIS\4.2.0\CMSIS\Include
  D:\Program Files\Keil_v5\ARM\PACK\Keil\STM32F4xx_DFP\1.0.8\Device\Include

<h2>Collection of Component Files used:</h2>

   * Component: ARM::CMSIS:CORE:3.40.0
      Source file:   CMSIS\UserCodeTemplates\ARM\ITM_Retarget.c
</pre>
</body>
</html>
