Component: ARM Compiler 5.05 update 1 (build 106) Tool: armlink [4d0efa]

==============================================================================

Section Cross References

    startup_stm32f407xx.o(RESET) refers to startup_stm32f407xx.o(STACK) for __initial_sp
    startup_stm32f407xx.o(RESET) refers to startup_stm32f407xx.o(.text) for Reset_Handler
    startup_stm32f407xx.o(RESET) refers to stm32f4xx_it.o(i.NMI_Handler) for NMI_Handler
    startup_stm32f407xx.o(RESET) refers to stm32f4xx_it.o(i.HardFault_Handler) for HardFault_Handler
    startup_stm32f407xx.o(RESET) refers to stm32f4xx_it.o(i.MemManage_Handler) for MemManage_Handler
    startup_stm32f407xx.o(RESET) refers to stm32f4xx_it.o(i.BusFault_Handler) for BusFault_Handler
    startup_stm32f407xx.o(RESET) refers to stm32f4xx_it.o(i.UsageFault_Handler) for UsageFault_Handler
    startup_stm32f407xx.o(RESET) refers to stm32f4xx_it.o(i.SVC_Handler) for SVC_Handler
    startup_stm32f407xx.o(RESET) refers to stm32f4xx_it.o(i.DebugMon_Handler) for DebugMon_Handler
    startup_stm32f407xx.o(RESET) refers to stm32f4xx_it.o(i.PendSV_Handler) for PendSV_Handler
    startup_stm32f407xx.o(RESET) refers to stm32f4xx_it.o(i.SysTick_Handler) for SysTick_Handler
    startup_stm32f407xx.o(RESET) refers to stm32f4xx_it.o(i.CAN1_RX0_IRQHandler) for CAN1_RX0_IRQHandler
    startup_stm32f407xx.o(RESET) refers to stm32f4xx_it.o(i.USART1_IRQHandler) for USART1_IRQHandler
    startup_stm32f407xx.o(RESET) refers to stm32f4xx_it.o(i.SDIO_IRQHandler) for SDIO_IRQHandler
    startup_stm32f407xx.o(RESET) refers to stm32f4xx_it.o(i.DMA2_Stream3_IRQHandler) for DMA2_Stream3_IRQHandler
    startup_stm32f407xx.o(RESET) refers to stm32f4xx_it.o(i.CAN2_RX0_IRQHandler) for CAN2_RX0_IRQHandler
    startup_stm32f407xx.o(RESET) refers to stm32f4xx_it.o(i.DMA2_Stream6_IRQHandler) for DMA2_Stream6_IRQHandler
    startup_stm32f407xx.o(RESET) refers to stm32f4xx_it.o(i.DMA2_Stream7_IRQHandler) for DMA2_Stream7_IRQHandler
    startup_stm32f407xx.o(.text) refers to system_stm32f4xx.o(i.SystemInit) for SystemInit
    startup_stm32f407xx.o(.text) refers to entry.o(.ARM.Collect$$$$00000000) for __main
    fml_led.o(i.LED_Operation) refers to stm32f4xx_hal_gpio.o(i.HAL_GPIO_TogglePin) for HAL_GPIO_TogglePin
    fml_led.o(i.LED_Operation) refers to stm32f4xx_hal_gpio.o(i.HAL_GPIO_WritePin) for HAL_GPIO_WritePin
    fml_usart.o(i.Usart_DMA_SendString) refers to strlen.o(.text) for strlen
    fml_usart.o(i.Usart_DMA_SendString) refers to stm32f4xx_hal_uart.o(i.HAL_UART_Transmit_DMA) for HAL_UART_Transmit_DMA
    fml_usart.o(i.Usart_DMA_SendString) refers to fml_usart.o(.data) for .data
    fml_usart.o(i.Usart_SendString) refers to stm32f4xx_hal_uart.o(i.HAL_UART_Transmit) for HAL_UART_Transmit
    fml_usart.o(i.fgetc) refers to stm32f4xx_hal_uart.o(i.HAL_UART_Receive) for HAL_UART_Receive
    fml_usart.o(i.fgetc) refers to main.o(.bss) for huart1
    fml_usart.o(i.fputc) refers to stm32f4xx_hal_uart.o(i.HAL_UART_Transmit) for HAL_UART_Transmit
    fml_usart.o(i.fputc) refers to main.o(.bss) for huart1
    fml_usart.o(.data) refers to main.o(.bss) for huart1
    fml_can.o(i.CAN_RecieveMsg) refers to memcpya.o(.text) for __aeabi_memcpy4
    fml_can.o(i.CAN_SendMsg) refers to stm32f4xx_hal_can.o(i.HAL_CAN_GetTxMailboxesFreeLevel) for HAL_CAN_GetTxMailboxesFreeLevel
    fml_can.o(i.CAN_SendMsg) refers to stm32f4xx_hal_can.o(i.HAL_CAN_AddTxMessage) for HAL_CAN_AddTxMessage
    fml_can.o(i.CAN_SendMsg) refers to main.o(i.Error_Handler) for Error_Handler
    fml_looplist.o(i.PutData) refers to fml_looplist.o(i.rbWrite) for rbWrite
    fml_looplist.o(i.PutData) refers to printf1.o(i.__0printf$1) for __2printf
    fml_looplist.o(i.rbCanRead) refers to printf1.o(i.__0printf$1) for __2printf
    fml_looplist.o(i.rbCanRead) refers to fml_looplist.o(i.rbCapacity) for rbCapacity
    fml_looplist.o(i.rbCanWrite) refers to fml_looplist.o(i.rbCapacity) for rbCapacity
    fml_looplist.o(i.rbCanWrite) refers to fml_looplist.o(i.rbCanRead) for rbCanRead
    fml_looplist.o(i.rbCanWrite) refers to printf1.o(i.__0printf$1) for __2printf
    fml_looplist.o(i.rbCapacity) refers to printf1.o(i.__0printf$1) for __2printf
    fml_looplist.o(i.rbCreate) refers to printf1.o(i.__0printf$1) for __2printf
    fml_looplist.o(i.rbDelete) refers to printf1.o(i.__0printf$1) for __2printf
    fml_looplist.o(i.rbRead) refers to fml_looplist.o(i.rbCanRead) for rbCanRead
    fml_looplist.o(i.rbRead) refers to printf1.o(i.__0printf$1) for __2printf
    fml_looplist.o(i.rbRead) refers to fml_looplist.o(i.rbCapacity) for rbCapacity
    fml_looplist.o(i.rbRead) refers to memcpya.o(.text) for __aeabi_memcpy
    fml_looplist.o(i.rbWrite) refers to fml_looplist.o(i.rbCanWrite) for rbCanWrite
    fml_looplist.o(i.rbWrite) refers to printf1.o(i.__0printf$1) for __2printf
    fml_looplist.o(i.rbWrite) refers to fml_looplist.o(i.rbCapacity) for rbCapacity
    fml_looplist.o(i.rbWrite) refers to memcpya.o(.text) for __aeabi_memcpy
[...]
    i.SDIO_PowerState_ON                     0x08012e50   Section        0  stm32f4xx_ll_sdmmc.o(i.SDIO_PowerState_ON)
    i.SDIO_ReadFIFO                          0x08012e58   Section        0  stm32f4xx_ll_sdmmc.o(i.SDIO_ReadFIFO)
    i.SDIO_SendCommand                       0x08012e5e   Section        0  stm32f4xx_ll_sdmmc.o(i.SDIO_SendCommand)
    i.SDIO_WriteFIFO                         0x08012e7e   Section        0  stm32f4xx_ll_sdmmc.o(i.SDIO_WriteFIFO)
    i.SDMMC_CmdAppCommand                    0x08012e88   Section        0  stm32f4xx_ll_sdmmc.o(i.SDMMC_CmdAppCommand)
    i.SDMMC_CmdAppOperCommand                0x08012ebc   Section        0  stm32f4xx_ll_sdmmc.o(i.SDMMC_CmdAppOperCommand)
    i.SDMMC_CmdBlockLength                   0x08012ef0   Section        0  stm32f4xx_ll_sdmmc.o(i.SDMMC_CmdBlockLength)
    i.SDMMC_CmdBusWidth                      0x08012f22   Section        0  stm32f4xx_ll_sdmmc.o(i.SDMMC_CmdBusWidth)
    i.SDMMC_CmdGoIdleState                   0x08012f54   Section        0  stm32f4xx_ll_sdmmc.o(i.SDMMC_CmdGoIdleState)
    i.SDMMC_CmdOperCond                      0x08012fa4   Section        0  stm32f4xx_ll_sdmmc.o(i.SDMMC_CmdOperCond)
    i.SDMMC_CmdReadMultiBlock                0x08012fd4   Section        0  stm32f4xx_ll_sdmmc.o(i.SDMMC_CmdReadMultiBlock)
    i.SDMMC_CmdReadSingleBlock               0x08013006   Section        0  stm32f4xx_ll_sdmmc.o(i.SDMMC_CmdReadSingleBlock)
    i.SDMMC_CmdSelDesel                      0x08013038   Section        0  stm32f4xx_ll_sdmmc.o(i.SDMMC_CmdSelDesel)
    i.SDMMC_CmdSendCID                       0x0801306a   Section        0  stm32f4xx_ll_sdmmc.o(i.SDMMC_CmdSendCID)
    i.SDMMC_CmdSendCSD                       0x08013096   Section        0  stm32f4xx_ll_sdmmc.o(i.SDMMC_CmdSendCSD)
    i.SDMMC_CmdSendSCR                       0x080130c2   Section        0  stm32f4xx_ll_sdmmc.o(i.SDMMC_CmdSendSCR)
    i.SDMMC_CmdSendStatus                    0x080130f2   Section        0  stm32f4xx_ll_sdmmc.o(i.SDMMC_CmdSendStatus)
    i.SDMMC_CmdSetRelAdd                     0x08013124   Section        0  stm32f4xx_ll_sdmmc.o(i.SDMMC_CmdSetRelAdd)
    i.SDMMC_CmdStopTransfer                  0x08013154   Section        0  stm32f4xx_ll_sdmmc.o(i.SDMMC_CmdStopTransfer)
    i.SDMMC_CmdWriteMultiBlock               0x08013188   Section        0  stm32f4xx_ll_sdmmc.o(i.SDMMC_CmdWriteMultiBlock)
    i.SDMMC_CmdWriteSingleBlock              0x080131ba   Section        0  stm32f4xx_ll_sdmmc.o(i.SDMMC_CmdWriteSingleBlock)
    i.SDMMC_GetCmdResp1                      0x080131ec   Section        0  stm32f4xx_ll_sdmmc.o(i.SDMMC_GetCmdResp1)
    i.SDMMC_GetCmdResp2                      0x0801330c   Section        0  stm32f4xx_ll_sdmmc.o(i.SDMMC_GetCmdResp2)
    i.SDMMC_GetCmdResp3                      0x0801335c   Section        0  stm32f4xx_ll_sdmmc.o(i.SDMMC_GetCmdResp3)
    i.SDMMC_GetCmdResp6                      0x080133a0   Section        0  stm32f4xx_ll_sdmmc.o(i.SDMMC_GetCmdResp6)
    i.SDMMC_GetCmdResp7                      0x08013428   Section        0  stm32f4xx_ll_sdmmc.o(i.SDMMC_GetCmdResp7)
    i.SD_CheckStatus                         0x08013480   Section        0  sd_diskio.o(i.SD_CheckStatus)
    SD_CheckStatus                           0x08013481   Thumb Code    26  sd_diskio.o(i.SD_CheckStatus)
    i.SD_DMARxAbort                          0x080134a0   Section        0  stm32f4xx_hal_sd.o(i.SD_DMARxAbort)
    SD_DMARxAbort                            0x080134a1   Thumb Code    68  stm32f4xx_hal_sd.o(i.SD_DMARxAbort)
    i.SD_DMATxAbort                          0x080134e4   Section        0  stm32f4xx_hal_sd.o(i.SD_DMATxAbort)
    SD_DMATxAbort                            0x080134e5   Thumb Code    68  stm32f4xx_hal_sd.o(i.SD_DMATxAbort)
    i.SD_FindSCR                             0x08013528   Section        0  stm32f4xx_hal_sd.o(i.SD_FindSCR)
    SD_FindSCR                               0x08013529   Thumb Code   218  stm32f4xx_hal_sd.o(i.SD_FindSCR)
    i.SD_InitCard                            0x08013602   Section        0  stm32f4xx_hal_sd.o(i.SD_InitCard)
    SD_InitCard                              0x08013603   Thumb Code   238  stm32f4xx_hal_sd.o(i.SD_InitCard)
    i.SD_PowerON                             0x080136f0   Section        0  stm32f4xx_hal_sd.o(i.SD_PowerON)
    SD_PowerON                               0x080136f1   Thumb Code   174  stm32f4xx_hal_sd.o(i.SD_PowerON)
    i.SD_initialize                          0x080137a4   Section        0  sd_diskio.o(i.SD_initialize)
    i.SD_ioctl                               0x080137c4   Section        0  sd_diskio.o(i.SD_ioctl)
    i.SD_read                                0x08013814   Section        0  sd_diskio.o(i.SD_read)
    i.SD_status                              0x0801383a   Section        0  sd_diskio.o(i.SD_status)
    i.SD_write                               0x08013840   Section        0  sd_diskio.o(i.SD_write)
    i.SVC_Handler                            0x08013866   Section        0  stm32f4xx_it.o(i.SVC_Handler)
    i.SysTick_Handler                        0x08013868   Section        0  stm32f4xx_it.o(i.SysTick_Handler)
    i.SystemClock_Config                     0x080138a4   Section        0  main.o(i.SystemClock_Config)
    i.SystemInit                             0x0801393c   Section        0  system_stm32f4xx.o(i.SystemInit)
    i.UART_DMAAbortOnError                   0x0801394c   Section        0  stm32f4xx_hal_uart.o(i.UART_DMAAbortOnError)
    UART_DMAAbortOnError                     0x0801394d   Thumb Code    16  stm32f4xx_hal_uart.o(i.UART_DMAAbortOnError)
    i.UART_DMAError                          0x0801395c   Section        0  stm32f4xx_hal_uart.o(i.UART_DMAError)
    UART_DMAError                            0x0801395d   Thumb Code    74  stm32f4xx_hal_uart.o(i.UART_DMAError)
    i.UART_DMATransmitCplt                   0x080139a6   Section        0  stm32f4xx_hal_uart.o(i.UART_DMATransmitCplt)
    UART_DMATransmitCplt                     0x080139a7   Thumb Code    66  stm32f4xx_hal_uart.o(i.UART_DMATransmitCplt)
    i.UART_DMATxHalfCplt                     0x080139e8   Section        0  stm32f4xx_hal_uart.o(i.UART_DMATxHalfCplt)
    UART_DMATxHalfCplt                       0x080139e9   Thumb Code    10  stm32f4xx_hal_uart.o(i.UART_DMATxHalfCplt)
    i.UART_EndRxTransfer                     0x080139f2   Section        0  stm32f4xx_hal_uart.o(i.UART_EndRxTransfer)
    UART_EndRxTransfer                       0x080139f3   Thumb Code    78  stm32f4xx_hal_uart.o(i.UART_EndRxTransfer)
    i.UART_EndTxTransfer                     0x08013a40   Section        0  stm32f4xx_hal_uart.o(i.UART_EndTxTransfer)
    UART_EndTxTransfer                       0x08013a41   Thumb Code    28  stm32f4xx_hal_uart.o(i.UART_EndTxTransfer)
    i.UART_Receive_IT                        0x08013a5c   Section        0  stm32f4xx_hal_uart.o(i.UART_Receive_IT)
    UART_Receive_IT                          0x08013a5d   Thumb Code   192  stm32f4xx_hal_uart.o(i.UART_Receive_IT)
    i.UART_SetConfig                         0x08013b1c   Section        0  stm32f4xx_hal_uart.o(i.UART_SetConfig)
    UART_SetConfig                           0x08013b1d   Thumb Code   258  stm32f4xx_hal_uart.o(i.UART_SetConfig)
    i.UART_Start_Receive_IT                  0x08013c28   Section        0  stm32f4xx_hal_uart.o(i.UART_Start_Receive_IT)
    i.UART_WaitOnFlagUntilTimeout            0x08013c62   Section        0  stm32f4xx_hal_uart.o(i.UART_WaitOnFlagUntilTimeout)
    UART_WaitOnFlagUntilTimeout              0x08013c63   Thumb Code   120  stm32f4xx_hal_uart.o(i.UART_WaitOnFlagUntilTimeout)
    i.USART1_IRQHandler                      0x08013cdc   Section        0  stm32f4xx_it.o(i.USART1_IRQHandler)
    i.UsageFault_Handler                     0x08013ce8   Section        0  stm32f4xx_it.o(i.UsageFault_Handler)
    i.Usart_DMA_SendString                   0x08013cec   Section        0  fml_usart.o(i.Usart_DMA_SendString)
    i.Usart_IT_Deal                          0x08013d10   Section        0  app_usart.o(i.Usart_IT_Deal)
    i.__0printf$1                            0x08013d9c   Section        0  printf1.o(i.__0printf$1)
    i.__NVIC_SetPriority                     0x08013dbc   Section        0  stm32f4xx_hal_cortex.o(i.__NVIC_SetPriority)
    __NVIC_SetPriority                       0x08013dbd   Thumb Code    32  stm32f4xx_hal_cortex.o(i.__NVIC_SetPriority)
    i.__scatterload_copy                     0x08013ddc   Section       14  handlers.o(i.__scatterload_copy)
    i.__scatterload_null                     0x08013dea   Section        2  handlers.o(i.__scatterload_null)
    i.__scatterload_zeroinit                 0x08013dec   Section       14  handlers.o(i.__scatterload_zeroinit)
    i._printf_core                           0x08013dfc   Section        0  printf1.o(i._printf_core)
    _printf_core                             0x08013dfd   Thumb Code   336  printf1.o(i._printf_core)
    i.check_fs                               0x08013f50   Section        0  ff.o(i.check_fs)
    check_fs                                 0x08013f51   Thumb Code   108  ff.o(i.check_fs)
    i.chk_chr                                0x08013fc4   Section        0  ff.o(i.chk_chr)
    chk_chr                                  0x08013fc5   Thumb Code    16  ff.o(i.chk_chr)
    i.chk_lock                               0x08013fd4   Section        0  ff.o(i.chk_lock)
    chk_lock                                 0x08013fd5   Thumb Code   108  ff.o(i.chk_lock)
    i.clear_lock                             0x08014044   Section        0  ff.o(i.clear_lock)
    clear_lock                               0x08014045   Thumb Code    32  ff.o(i.clear_lock)
    i.clmt_clust                             0x08014068   Section        0  ff.o(i.clmt_clust)
    clmt_clust                               0x08014069   Thumb Code    40  ff.o(i.clmt_clust)
    i.clust2sect                             0x08014090   Section        0  ff.o(i.clust2sect)
    clust2sect                               0x08014091   Thumb Code    24  ff.o(i.clust2sect)
    i.cmp_lfn                                0x080140a8   Section        0  ff.o(i.cmp_lfn)
    cmp_lfn                                  0x080140a9   Thumb Code   148  ff.o(i.cmp_lfn)
    i.create_chain                           0x08014140   Section        0  ff.o(i.create_chain)
    create_chain                             0x08014141   Thumb Code   186  ff.o(i.create_chain)
    i.create_name                            0x080141fc   Section        0  ff.o(i.create_name)
    create_name                              0x080141fd   Thumb Code   578  ff.o(i.create_name)
    i.dec_lock                               0x08014454   Section        0  ff.o(i.dec_lock)
    dec_lock                                 0x08014455   Thumb Code    44  ff.o(i.dec_lock)
    i.dir_alloc                              0x08014484   Section        0  ff.o(i.dir_alloc)
    dir_alloc                                0x08014485   Thumb Code    74  ff.o(i.dir_alloc)
    i.dir_find                               0x080144ce   Section        0  ff.o(i.dir_find)
    dir_find                                 0x080144cf   Thumb Code   222  ff.o(i.dir_find)
    i.dir_next                               0x080145ac   Section        0  ff.o(i.dir_next)
    dir_next                                 0x080145ad   Thumb Code   294  ff.o(i.dir_next)
    i.dir_register                           0x080146d4   Section        0  ff.o(i.dir_register)
    dir_register                             0x080146d5   Thumb Code   310  ff.o(i.dir_register)
    i.dir_sdi                                0x08014810   Section        0  ff.o(i.dir_sdi)
    dir_sdi                                  0x08014811   Thumb Code   164  ff.o(i.dir_sdi)
    i.disk_initialize                        0x080148b4   Section        0  diskio.o(i.disk_initialize)
    i.disk_ioctl                             0x080148e0   Section        0  diskio.o(i.disk_ioctl)
    i.disk_read                              0x080148fc   Section        0  diskio.o(i.disk_read)
    i.disk_status                            0x0801491c   Section        0  diskio.o(i.disk_status)
    i.disk_write                             0x08014934   Section        0  diskio.o(i.disk_write)
    i.enq_lock                               0x08014954   Section        0  ff.o(i.enq_lock)
    enq_lock                                 0x08014955   Thumb Code    34  ff.o(i.enq_lock)
    i.f_close                                0x0801497c   Section        0  ff.o(i.f_close)
    i.f_mount                                0x080149a8   Section        0  ff.o(i.f_mount)
    i.f_open                                 0x08014a10   Section        0  ff.o(i.f_open)
    i.f_sync                                 0x08014c2a   Section        0  ff.o(i.f_sync)
    i.f_write                                0x08014cc4   Section        0  ff.o(i.f_write)
    i.ff_convert                             0x08014e88   Section        0  cc936.o(i.ff_convert)
    i.ff_wtoupper                            0x08014ee8   Section        0  cc936.o(i.ff_wtoupper)
    i.find_volume                            0x08014f8c   Section        0  ff.o(i.find_volume)
    find_volume                              0x08014f8d   Thumb Code   714  ff.o(i.find_volume)
    i.follow_path                            0x08015268   Section        0  ff.o(i.follow_path)
    follow_path                              0x08015269   Thumb Code   134  ff.o(i.follow_path)
    i.fputc                                  0x080152f0   Section        0  fml_usart.o(i.fputc)
    i.gen_numname                            0x08015308   Section        0  ff.o(i.gen_numname)
    gen_numname                              0x08015309   Thumb Code   166  ff.o(i.gen_numname)
    i.get_fat                                0x080153ae   Section        0  ff.o(i.get_fat)
    get_fat                                  0x080153af   Thumb Code   196  ff.o(i.get_fat)
    i.get_fattime                            0x08015472   Section        0  fatfs.o(i.get_fattime)
    i.get_ldnumber                           0x08015476   Section        0  ff.o(i.get_ldnumber)
    get_ldnumber                             0x08015477   Thumb Code    78  ff.o(i.get_ldnumber)
    i.inc_lock                               0x080154c4   Section        0  ff.o(i.inc_lock)
    inc_lock                                 0x080154c5   Thumb Code   144  ff.o(i.inc_lock)
    i.ld_clust                               0x08015558   Section        0  ff.o(i.ld_clust)
    ld_clust                                 0x08015559   Thumb Code    38  ff.o(i.ld_clust)
    i.ld_dword                               0x0801557e   Section        0  ff.o(i.ld_dword)
    ld_dword                                 0x0801557f   Thumb Code    22  ff.o(i.ld_dword)
    i.ld_word                                0x08015594   Section        0  ff.o(i.ld_word)
    ld_word                                  0x08015595   Thumb Code    10  ff.o(i.ld_word)
    i.main                                   0x080155a0   Section        0  main.o(i.main)
    i.mem_cmp                                0x08015870   Section        0  ff.o(i.mem_cmp)
    mem_cmp                                  0x08015871   Thumb Code    24  ff.o(i.mem_cmp)
    i.mem_cpy                                0x08015888   Section        0  ff.o(i.mem_cpy)
    mem_cpy                                  0x08015889   Thumb Code    18  ff.o(i.mem_cpy)
    i.mem_set                                0x0801589a   Section        0  ff.o(i.mem_set)
    mem_set                                  0x0801589b   Thumb Code    12  ff.o(i.mem_set)
    i.move_window                            0x080158a6   Section        0  ff.o(i.move_window)
    move_window                              0x080158a7   Thumb Code    52  ff.o(i.move_window)
    i.put_fat                                0x080158da   Section        0  ff.o(i.put_fat)
    put_fat                                  0x080158db   Thumb Code   258  ff.o(i.put_fat)
    i.put_lfn                                0x080159dc   Section        0  ff.o(i.put_lfn)
    put_lfn                                  0x080159dd   Thumb Code   112  ff.o(i.put_lfn)
    i.rbCanRead                              0x08015a50   Section        0  fml_looplist.o(i.rbCanRead)
    i.rbCanWrite                             0x08015aa0   Section        0  fml_looplist.o(i.rbCanWrite)
    i.rbCapacity                             0x08015ac8   Section        0  fml_looplist.o(i.rbCapacity)
    i.rbCreate                               0x08015af8   Section        0  fml_looplist.o(i.rbCreate)
    i.rbRead                                 0x08015b28   Section        0  fml_looplist.o(i.rbRead)
    i.rbWrite                                0x08015bec   Section        0  fml_looplist.o(i.rbWrite)
    i.remove_chain                           0x08015cc8   Section        0  ff.o(i.remove_chain)
    remove_chain                             0x08015cc9   Thumb Code   126  ff.o(i.remove_chain)
    i.st_clust                               0x08015d46   Section        0  ff.o(i.st_clust)
    st_clust                                 0x08015d47   Thumb Code    40  ff.o(i.st_clust)
    i.st_dword                               0x08015d6e   Section        0  ff.o(i.st_dword)
    st_dword                                 0x08015d6f   Thumb Code    20  ff.o(i.st_dword)
    i.st_word                                0x08015d82   Section        0  ff.o(i.st_word)
    st_word                                  0x08015d83   Thumb Code    10  ff.o(i.st_word)
    i.sum_sfn                                0x08015d8c   Section        0  ff.o(i.sum_sfn)
    sum_sfn                                  0x08015d8d   Thumb Code    26  ff.o(i.sum_sfn)
    i.sync_fs                                0x08015da8   Section        0  ff.o(i.sync_fs)
    sync_fs                                  0x08015da9   Thumb Code   132  ff.o(i.sync_fs)
    i.sync_window                            0x08015e34   Section        0  ff.o(i.sync_window)
    sync_window                              0x08015e35   Thumb Code    86  ff.o(i.sync_window)
    i.validate                               0x08015e8a   Section        0  ff.o(i.validate)
    validate                                 0x08015e8b   Thumb Code    56  ff.o(i.validate)
    .constdata                               0x08015ec4   Section       20  sd_diskio.o(.constdata)
    .constdata                               0x08015ed8   Section        8  stm32f4xx_hal_dma.o(.constdata)
    flagBitshiftOffset                       0x08015ed8   Data           8  stm32f4xx_hal_dma.o(.constdata)
    .constdata                               0x08015ee0   Section       16  system_stm32f4xx.o(.constdata)
    .constdata                               0x08015ef0   Section        8  system_stm32f4xx.o(.constdata)
    .constdata                               0x08015ef8   Section       42  ff.o(.constdata)
    LfnOfs                                   0x08015ef8   Data          13  ff.o(.constdata)
    cst                                      0x08015f06   Data          14  ff.o(.constdata)
    cst32                                    0x08015f14   Data          14  ff.o(.constdata)
    .constdata                               0x08015f22   Section    175030  cc936.o(.constdata)
    uni2oem                                  0x08015f22   Data       87172  cc936.o(.constdata)
    oem2uni                                  0x0802b3a6   Data       87172  cc936.o(.constdata)
    cvt1                                     0x0804082a   Data         498  cc936.o(.constdata)
    cvt2                                     0x08040a1c   Data         188  cc936.o(.constdata)
    .data                                    0x20000000   Section       44  fml_usart.o(.data)
    .data                                    0x2000002c   Section        4  fml_usart.o(.data)
    k                                        0x2000002c   Data           4  fml_usart.o(.data)
    .data                                    0x20000030   Section       79  main.o(.data)
    .data                                    0x2000007f   Section        1  sd_diskio.o(.data)
    Stat                                     0x2000007f   Data           1  sd_diskio.o(.data)
    .data                                    0x20000080   Section        5  fatfs.o(.data)
    .data                                    0x20000088   Section        4  stm32f4xx_it.o(.data)
    UpdateIdleTime                           0x20000088   Data           4  stm32f4xx_it.o(.data)
    .data                                    0x2000008c   Section        4  stm32f4xx_hal_msp.o(.data)
    HAL_RCC_CAN1_CLK_ENABLED                 0x2000008c   Data           4  stm32f4xx_hal_msp.o(.data)
    .data                                    0x20000090   Section        8  app_looplist.o(.data)
    .data                                    0x20000098   Section        4  app_looplist.o(.data)
    .data                                    0x2000009c   Section        4  app_looplist.o(.data)
    .data                                    0x200000a0   Section        4  app_usart.o(.data)
    fucn                                     0x200000a0   Data           1  app_usart.o(.data)
    cmd                                      0x200000a1   Data           1  app_usart.o(.data)
    rx_size                                  0x200000a2   Data           2  app_usart.o(.data)
    .data                                    0x200000a4   Section       12  stm32f4xx_hal.o(.data)
    .data                                    0x200000b0   Section        4  system_stm32f4xx.o(.data)
    .data                                    0x200000b4   Section        8  ff.o(.data)
    Fsid                                     0x200000b4   Data           2  ff.o(.data)
    FatFs                                    0x200000b8   Data           4  ff.o(.data)
    .data                                    0x200000bc   Section        4  stdout.o(.data)
    .bss                                     0x200000c0   Section       16  fml_looplist.o(.bss)
    .bss                                     0x200000d0   Section     1404  main.o(.bss)
    .bss                                     0x2000064c   Section       96  main.o(.bss)
    .bss                                     0x200006ac   Section       96  main.o(.bss)
    .bss                                     0x2000070c   Section       96  main.o(.bss)
    .bss                                     0x2000076c   Section      564  fatfs.o(.bss)
    .bss                                     0x200009a0   Section     2176  app_looplist.o(.bss)
    .bss                                     0x20001220   Section       32  ff.o(.bss)
    Files                                    0x20001220   Data          32  ff.o(.bss)
    .bss                                     0x20001240   Section       12  ff_gen_drv.o(.bss)
    STACK                                    0x20001250   Section     4096  startup_stm32f407xx.o(STACK)

    Global Symbols

    Symbol Name                              Value     Ov Type        Size  Object(Section)

    BuildAttributes$$THM_ISAv4$E$P$D$K$B$S$7EM$VFPi3$EXTD16$VFPS$VFMA$PE$A:L22UL41UL21$X:L11$S22US41US21$IEEE1$IW$USESV6$~STKCKD$USESV7$~SHL$OTIME$ROPI$EBA8$MICROLIB$REQ8$PRES8$EABIv2 0x00000000   Number         0  anon$$obj.o ABSOLUTE
    __ARM_use_no_argv                        0x00000000   Number         0  main.o ABSOLUTE
    _printf_a                                0x00000000   Number         0  stubs.o ABSOLUTE
    _printf_c                                0x00000000   Number         0  stubs.o ABSOLUTE
    _printf_charcount                        0x00000000   Number         0  stubs.o ABSOLUTE
    _printf_d                                0x00000000   Number         0  stubs.o ABSOLUTE
    _printf_e                                0x00000000   Number         0  stubs.o ABSOLUTE
    _printf_f                                0x00000000   Number         0  stubs.o ABSOLUTE
    _printf_flags                            0x00000000   Number         0  stubs.o ABSOLUTE
    _printf_fp_dec                           0x00000000   Number         0  stubs.o ABSOLUTE
    _printf_fp_hex                           0x00000000   Number         0  stubs.o ABSOLUTE
    _printf_g                                0x00000000   Number         0  stubs.o ABSOLUTE
    _printf_i                                0x00000000   Number         0  stubs.o ABSOLUTE
    _printf_int_dec                          0x00000000   Number         0  stubs.o ABSOLUTE
    _printf_l                                0x00000000   Number         0  stubs.o ABSOLUTE
    _printf_lc                               0x00000000   Number         0  stubs.o ABSOLUTE
    _printf_ll                               0x00000000   Number         0  stubs.o ABSOLUTE
    _printf_lld                              0x00000000   Number         0  stubs.o ABSOLUTE
    _printf_lli                              0x00000000   Number         0  stubs.o ABSOLUTE
    _printf_llo                              0x00000000   Number         0  stubs.o ABSOLUTE
    _printf_llu                              0x00000000   Number         0  stubs.o ABSOLUTE
    _printf_llx                              0x00000000   Number         0  stubs.o ABSOLUTE
    _printf_longlong_dec                     0x00000000   Number         0  stubs.o ABSOLUTE
    _printf_longlong_hex                     0x00000000   Number         0  stubs.o ABSOLUTE
    _printf_longlong_oct                     0x00000000   Number         0  stubs.o ABSOLUTE
    _printf_ls                               0x00000000   Number         0  stubs.o ABSOLUTE
    _printf_mbtowc                           0x00000000   Number         0  stubs.o ABSOLUTE
    _printf_n                                0x00000000   Number         0  stubs.o ABSOLUTE
    _printf_o                                0x00000000   Number         0  stubs.o ABSOLUTE
    _printf_p                                0x00000000   Number         0  stubs.o ABSOLUTE
    _printf_percent                          0x00000000   Number         0  stubs.o ABSOLUTE
    _printf_pre_padding                      0x00000000   Number         0  stubs.o ABSOLUTE
    _printf_return_value                     0x00000000   Number         0  stubs.o ABSOLUTE
    _printf_s                                0x00000000   Number         0  stubs.o ABSOLUTE
    _printf_sizespec                         0x00000000   Number         0  stubs.o ABSOLUTE
    _printf_str                              0x00000000   Number         0  stubs.o ABSOLUTE
    _printf_truncate_signed                  0x00000000   Number         0  stubs.o ABSOLUTE
    _printf_truncate_unsigned                0x00000000   Number         0  stubs.o ABSOLUTE
    _printf_u                                0x00000000   Number         0  stubs.o ABSOLUTE
    _printf_wc                               0x00000000   Number         0  stubs.o ABSOLUTE
    _printf_wctomb                           0x00000000   Number         0  stubs.o ABSOLUTE
    _printf_widthprec                        0x00000000   Number         0  stubs.o ABSOLUTE
    _printf_x                                0x00000000   Number         0  stubs.o ABSOLUTE
    __cpp_initialize__aeabi_                  - Undefined Weak Reference
    __cxa_finalize                            - Undefined Weak Reference
    __decompress                              - Undefined Weak Reference
    _clock_init                               - Undefined Weak Reference
    _microlib_exit                            - Undefined Weak Reference
    __Vectors_Size                           0x00000188   Number         0  startup_stm32f407xx.o ABSOLUTE
    __Vectors                                0x08010000   Data           4  startup_stm32f407xx.o(RESET)
    __Vectors_End                            0x08010188   Data           0  startup_stm32f407xx.o(RESET)
    __main                                   0x08010189   Thumb Code     0  entry.o(.ARM.Collect$$$$00000000)
    _main_stk                                0x08010189   Thumb Code     0  entry2.o(.ARM.Collect$$$$00000001)
    _main_scatterload                        0x0801018d   Thumb Code     0  entry5.o(.ARM.Collect$$$$00000004)
    __main_after_scatterload                 0x08010191   Thumb Code     0  entry5.o(.ARM.Collect$$$$00000004)
    _main_clock                              0x08010191   Thumb Code     0  entry7b.o(.ARM.Collect$$$$00000008)
    _main_cpp_init                           0x08010191   Thumb Code     0  entry8b.o(.ARM.Collect$$$$0000000A)
    _main_init                               0x08010191   Thumb Code     0  entry9a.o(.ARM.Collect$$$$0000000B)
    __rt_final_cpp                           0x08010199   Thumb Code     0  entry10a.o(.ARM.Collect$$$$0000000D)
    __rt_final_exit                          0x08010199   Thumb Code     0  entry11a.o(.ARM.Collect$$$$0000000F)
    Reset_Handler                            0x0801019d   Thumb Code     8  startup_stm32f407xx.o(.text)
    ADC_IRQHandler                           0x080101b7   Thumb Code     0  startup_stm32f407xx.o(.text)
    CAN1_RX1_IRQHandler                      0x080101b7   Thumb Code     0  startup_stm32f407xx.o(.text)
    CAN1_SCE_IRQHandler                      0x080101b7   Thumb Code     0  startup_stm32f407xx.o(.text)
    CAN1_TX_IRQHandler                       0x080101b7   Thumb Code     0  startup_stm32f407xx.o(.text)
    CAN2_RX1_IRQHandler                      0x080101b7   Thumb Code     0  startup_stm32f407xx.o(.text)
    CAN2_SCE_IRQHandler                      0x080101b7   Thumb Code     0  startup_stm32f407xx.o(.text)
    CAN2_TX_IRQHandler                       0x080101b7   Thumb Code     0  startup_stm32f407xx.o(.text)
    DCMI_IRQHandler                          0x080101b7   Thumb Code     0  startup_stm32f407xx.o(.text)
    DMA1_Stream0_IRQHandler                  0x080101b7   Thumb Code     0  startup_stm32f407xx.o(.text)
    DMA1_Stream1_IRQHandler                  0x080101b7   Thumb Code     0  startup_stm32f407xx.o(.text)
    DMA1_Stream2_IRQHandler                  0x080101b7   Thumb Code     0  startup_stm32f407xx.o(.text)
    DMA1_Stream3_IRQHandler                  0x080101b7   Thumb Code     0  startup_stm32f407xx.o(.text)
    DMA1_Stream4_IRQHandler                  0x080101b7   Thumb Code     0  startup_stm32f407xx.o(.text)
    DMA1_Stream5_IRQHandler                  0x080101b7   Thumb Code     0  startup_stm32f407xx.o(.text)
    DMA1_Stream6_IRQHandler                  0x080101b7   Thumb Code     0  startup_stm32f407xx.o(.text)
    DMA1_Stream7_IRQHandler                  0x080101b7   Thumb Code     0  startup_stm32f407xx.o(.text)
    DMA2_Stream0_IRQHandler                  0x080101b7   Thumb Code     0  startup_stm32f407xx.o(.text)
    DMA2_Stream1_IRQHandler                  0x080101b7   Thumb Code     0  startup_stm32f407xx.o(.text)
    DMA2_Stream2_IRQHandler                  0x080101b7   Thumb Code     0  startup_stm32f407xx.o(.text)
    DMA2_Stream4_IRQHandler                  0x080101b7   Thumb Code     0  startup_stm32f407xx.o(.text)
    DMA2_Stream5_IRQHandler                  0x080101b7   Thumb Code     0  startup_stm32f407xx.o(.text)
    ETH_IRQHandler                           0x080101b7   Thumb Code     0  startup_stm32f407xx.o(.text)
    ETH_WKUP_IRQHandler                      0x080101b7   Thumb Code     0  startup_stm32f407xx.o(.text)
    EXTI0_IRQHandler                         0x080101b7   Thumb Code     0  startup_stm32f407xx.o(.text)
    EXTI15_10_IRQHandler                     0x080101b7   Thumb Code     0  startup_stm32f407xx.o(.text)
    EXTI1_IRQHandler                         0x080101b7   Thumb Code     0  startup_stm32f407xx.o(.text)
    EXTI2_IRQHandler                         0x080101b7   Thumb Code     0  startup_stm32f407xx.o(.text)
    EXTI3_IRQHandler                         0x080101b7   Thumb Code     0  startup_stm32f407xx.o(.text)
    EXTI4_IRQHandler                         0x080101b7   Thumb Code     0  startup_stm32f407xx.o(.text)
    EXTI9_5_IRQHandler                       0x080101b7   Thumb Code     0  startup_stm32f407xx.o(.text)
    FLASH_IRQHandler                         0x080101b7   Thumb Code     0  startup_stm32f407xx.o(.text)
    FMC_IRQHandler                           0x080101b7   Thumb Code     0  startup_stm32f407xx.o(.text)
    FPU_IRQHandler                           0x080101b7   Thumb Code     0  startup_stm32f407xx.o(.text)
    HASH_RNG_IRQHandler                      0x080101b7   Thumb Code     0  startup_stm32f407xx.o(.text)
    I2C1_ER_IRQHandler                       0x080101b7   Thumb Code     0  startup_stm32f407xx.o(.text)
    I2C1_EV_IRQHandler                       0x080101b7   Thumb Code     0  startup_stm32f407xx.o(.text)
    I2C2_ER_IRQHandler                       0x080101b7   Thumb Code     0  startup_stm32f407xx.o(.text)
    I2C2_EV_IRQHandler                       0x080101b7   Thumb Code     0  startup_stm32f407xx.o(.text)
    I2C3_ER_IRQHandler                       0x080101b7   Thumb Code     0  startup_stm32f407xx.o(.text)
    I2C3_EV_IRQHandler                       0x080101b7   Thumb Code     0  startup_stm32f407xx.o(.text)
    OTG_FS_IRQHandler                        0x080101b7   Thumb Code     0  startup_stm32f407xx.o(.text)
    OTG_FS_WKUP_IRQHandler                   0x080101b7   Thumb Code     0  startup_stm32f407xx.o(.text)
    OTG_HS_EP1_IN_IRQHandler                 0x080101b7   Thumb Code     0  startup_stm32f407xx.o(.text)
    OTG_HS_EP1_OUT_IRQHandler                0x080101b7   Thumb Code     0  startup_stm32f407xx.o(.text)
    OTG_HS_IRQHandler                        0x080101b7   Thumb Code     0  startup_stm32f407xx.o(.text)
    OTG_HS_WKUP_IRQHandler                   0x080101b7   Thumb Code     0  startup_stm32f407xx.o(.text)
    PVD_IRQHandler                           0x080101b7   Thumb Code     0  startup_stm32f407xx.o(.text)
    RCC_IRQHandler                           0x080101b7   Thumb Code     0  startup_stm32f407xx.o(.text)
    RTC_Alarm_IRQHandler                     0x080101b7   Thumb Code     0  startup_stm32f407xx.o(.text)
    RTC_WKUP_IRQHandler                      0x080101b7   Thumb Code     0  startup_stm32f407xx.o(.text)
    SPI1_IRQHandler                          0x080101b7   Thumb Code     0  startup_stm32f407xx.o(.text)
    SPI2_IRQHandler                          0x080101b7   Thumb Code     0  startup_stm32f407xx.o(.text)
    SPI3_IRQHandler                          0x080101b7   Thumb Code     0  startup_stm32f407xx.o(.text)
    TAMP_STAMP_IRQHandler                    0x080101b7   Thumb Code     0  startup_stm32f407xx.o(.text)
    TIM1_BRK_TIM9_IRQHandler                 0x080101b7   Thumb Code     0  startup_stm32f407xx.o(.text)
    TIM1_CC_IRQHandler                       0x080101b7   Thumb Code     0  startup_stm32f407xx.o(.text)
    TIM1_TRG_COM_TIM11_IRQHandler            0x080101b7   Thumb Code     0  startup_stm32f407xx.o(.text)
    TIM1_UP_TIM10_IRQHandler                 0x080101b7   Thumb Code     0  startup_stm32f407xx.o(.text)
    TIM2_IRQHandler                          0x080101b7   Thumb Code     0  startup_stm32f407xx.o(.text)
    TIM3_IRQHandler                          0x080101b7   Thumb Code     0  startup_stm32f407xx.o(.text)
    TIM4_IRQHandler                          0x080101b7   Thumb Code     0  startup_stm32f407xx.o(.text)
    TIM5_IRQHandler                          0x080101b7   Thumb Code     0  startup_stm32f407xx.o(.text)
    TIM6_DAC_IRQHandler                      0x080101b7   Thumb Code     0  startup_stm32f407xx.o(.text)
    TIM7_IRQHandler                          0x080101b7   Thumb Code     0  startup_stm32f407xx.o(.text)
    TIM8_BRK_TIM12_IRQHandler                0x080101b7   Thumb Code     0  startup_stm32f407xx.o(.text)
    TIM8_CC_IRQHandler                       0x080101b7   Thumb Code     0  startup_stm32f407xx.o(.text)
    TIM8_TRG_COM_TIM14_IRQHandler            0x080101b7   Thumb Code     0  startup_stm32f407xx.o(.text)
    TIM8_UP_TIM13_IRQHandler                 0x080101b7   Thumb Code     0  startup_stm32f407xx.o(.text)
    UART4_IRQHandler                         0x080101b7   Thumb Code     0  startup_stm32f407xx.o(.text)
    UART5_IRQHandler                         0x080101b7   Thumb Code     0  startup_stm32f407xx.o(.text)
    USART2_IRQHandler                        0x080101b7   Thumb Code     0  startup_stm32f407xx.o(.text)
    USART3_IRQHandler                        0x080101b7   Thumb Code     0  startup_stm32f407xx.o(.text)
    USART6_IRQHandler                        0x080101b7   Thumb Code     0  startup_stm32f407xx.o(.text)
    WWDG_IRQHandler                          0x080101b7   Thumb Code     0  startup_stm32f407xx.o(.text)
    __aeabi_uldivmod                         0x080101c1   Thumb Code    98  uldiv.o(.text)
    __aeabi_memcpy                           0x08010223   Thumb Code    36  memcpya.o(.text)
    __aeabi_memcpy4                          0x08010223   Thumb Code     0  memcpya.o(.text)
    __aeabi_memcpy8                          0x08010223   Thumb Code     0  memcpya.o(.text)
    __aeabi_memset                           0x08010247   Thumb Code    14  memseta.o(.text)
    __aeabi_memset4                          0x08010247   Thumb Code     0  memseta.o(.text)
    __aeabi_memset8                          0x08010247   Thumb Code     0  memseta.o(.text)
    __aeabi_memclr                           0x08010255   Thumb Code     4  memseta.o(.text)
    __aeabi_memclr4                          0x08010255   Thumb Code     0  memseta.o(.text)
    __aeabi_memclr8                          0x08010255   Thumb Code     0  memseta.o(.text)
    _memset$wrapper                          0x08010259   Thumb Code    18  memseta.o(.text)
    strlen                                   0x0801026b   Thumb Code    14  strlen.o(.text)
    __aeabi_uidiv                            0x08010279   Thumb Code     0  uidiv.o(.text)
    __aeabi_uidivmod                         0x08010279   Thumb Code    44  uidiv.o(.text)
    __aeabi_llsl                             0x080102a5   Thumb Code    30  llshl.o(.text)
    _ll_shift_l                              0x080102a5   Thumb Code     0  llshl.o(.text)
    __aeabi_llsr                             0x080102c3   Thumb Code    32  llushr.o(.text)
    _ll_ushift_r                             0x080102c3   Thumb Code     0  llushr.o(.text)
    __scatterload                            0x080102e5   Thumb Code    28  init.o(.text)
    __scatterload_rt2                        0x080102e5   Thumb Code     0  init.o(.text)
    APP_Update_Recieve                       0x08010309   Thumb Code   272  app_looplist.o(i.APP_Update_Recieve)
    BSP_SD_AbortCallback                     0x08010521   Thumb Code     2  bsp_driver_sd.o(i.BSP_SD_AbortCallback)
    BSP_SD_GetCardInfo                       0x08010525   Thumb Code     8  bsp_driver_sd.o(i.BSP_SD_GetCardInfo)
    BSP_SD_GetCardState                      0x08010531   Thumb Code    20  bsp_driver_sd.o(i.BSP_SD_GetCardState)
    BSP_SD_Init                              0x08010549   Thumb Code    42  bsp_driver_sd.o(i.BSP_SD_Init)
    BSP_SD_IsDetected                        0x08010579   Thumb Code    14  bsp_driver_sd.o(i.BSP_SD_IsDetected)
    BSP_SD_ReadBlocks                        0x08010589   Thumb Code    26  bsp_driver_sd.o(i.BSP_SD_ReadBlocks)
    BSP_SD_ReadCpltCallback                  0x080105a9   Thumb Code     2  bsp_driver_sd.o(i.BSP_SD_ReadCpltCallback)
    BSP_SD_WriteBlocks                       0x080105ad   Thumb Code    26  bsp_driver_sd.o(i.BSP_SD_WriteBlocks)
    BSP_SD_WriteCpltCallback                 0x080105cd   Thumb Code     2  bsp_driver_sd.o(i.BSP_SD_WriteCpltCallback)
    BusFault_Handler                         0x080105cf   Thumb Code     2  stm32f4xx_it.o(i.BusFault_Handler)
    CAN1_RX0_IRQHandler                      0x080105d1   Thumb Code     6  stm32f4xx_it.o(i.CAN1_RX0_IRQHandler)
    CAN2_RX0_IRQHandler                      0x080105dd   Thumb Code     6  stm32f4xx_it.o(i.CAN2_RX0_IRQHandler)
    CAN_RecieveMsg                           0x080105e9   Thumb Code    72  fml_can.o(i.CAN_RecieveMsg)
    DMA2_Stream3_IRQHandler                  0x08010631   Thumb Code     6  stm32f4xx_it.o(i.DMA2_Stream3_IRQHandler)
    DMA2_Stream6_IRQHandler                  0x0801063d   Thumb Code     6  stm32f4xx_it.o(i.DMA2_Stream6_IRQHandler)
    DMA2_Stream7_IRQHandler                  0x08010649   Thumb Code     6  stm32f4xx_it.o(i.DMA2_Stream7_IRQHandler)
    DebugMon_Handler                         0x080106f9   Thumb Code     2  stm32f4xx_it.o(i.DebugMon_Handler)
    Error_Handler                            0x080106fb   Thumb Code     4  main.o(i.Error_Handler)
    FATFS_LinkDriver                         0x080106ff   Thumb Code     6  ff_gen_drv.o(i.FATFS_LinkDriver)
    FATFS_LinkDriverEx                       0x08010705   Thumb Code    64  ff_gen_drv.o(i.FATFS_LinkDriverEx)
    HAL_CAN_ActivateNotification             0x08010749   Thumb Code    36  stm32f4xx_hal_can.o(i.HAL_CAN_ActivateNotification)
    HAL_CAN_ConfigFilter                     0x0801076d   Thumb Code   262  stm32f4xx_hal_can.o(i.HAL_CAN_ConfigFilter)
    HAL_CAN_ErrorCallback                    0x08010879   Thumb Code     2  stm32f4xx_hal_can.o(i.HAL_CAN_ErrorCallback)
    HAL_CAN_GetRxMessage                     0x0801087b   Thumb Code   232  stm32f4xx_hal_can.o(i.HAL_CAN_GetRxMessage)
    HAL_CAN_IRQHandler                       0x08010963   Thumb Code   508  stm32f4xx_hal_can.o(i.HAL_CAN_IRQHandler)
    HAL_CAN_Init                             0x08010b5f   Thumb Code   282  stm32f4xx_hal_can.o(i.HAL_CAN_Init)
    HAL_CAN_MspInit                          0x08010c79   Thumb Code   232  stm32f4xx_hal_msp.o(i.HAL_CAN_MspInit)
    HAL_CAN_RxFifo0FullCallback              0x08010d79   Thumb Code     2  stm32f4xx_hal_can.o(i.HAL_CAN_RxFifo0FullCallback)
    HAL_CAN_RxFifo0MsgPendingCallback        0x08010d7d   Thumb Code   136  main.o(i.HAL_CAN_RxFifo0MsgPendingCallback)
    HAL_CAN_RxFifo1FullCallback              0x08010e0d   Thumb Code     2  stm32f4xx_hal_can.o(i.HAL_CAN_RxFifo1FullCallback)
    HAL_CAN_RxFifo1MsgPendingCallback        0x08010e0f   Thumb Code     2  stm32f4xx_hal_can.o(i.HAL_CAN_RxFifo1MsgPendingCallback)
    HAL_CAN_SleepCallback                    0x08010e11   Thumb Code     2  stm32f4xx_hal_can.o(i.HAL_CAN_SleepCallback)
    HAL_CAN_Start                            0x08010e15   Thumb Code    88  stm32f4xx_hal_can.o(i.HAL_CAN_Start)
    HAL_CAN_TxMailbox0AbortCallback          0x08010e6d   Thumb Code     2  stm32f4xx_hal_can.o(i.HAL_CAN_TxMailbox0AbortCallback)
    HAL_CAN_TxMailbox0CompleteCallback       0x08010e6f   Thumb Code     2  stm32f4xx_hal_can.o(i.HAL_CAN_TxMailbox0CompleteCallback)
    HAL_CAN_TxMailbox1AbortCallback          0x08010e71   Thumb Code     2  stm32f4xx_hal_can.o(i.HAL_CAN_TxMailbox1AbortCallback)
    HAL_CAN_TxMailbox1CompleteCallback       0x08010e73   Thumb Code     2  stm32f4xx_hal_can.o(i.HAL_CAN_TxMailbox1CompleteCallback)
    HAL_CAN_TxMailbox2AbortCallback          0x08010e75   Thumb Code     2  stm32f4xx_hal_can.o(i.HAL_CAN_TxMailbox2AbortCallback)
    HAL_CAN_TxMailbox2CompleteCallback       0x08010e77   Thumb Code     2  stm32f4xx_hal_can.o(i.HAL_CAN_TxMailbox2CompleteCallback)
    HAL_CAN_WakeUpFromRxMsgCallback          0x08010e79   Thumb Code     2  stm32f4xx_hal_can.o(i.HAL_CAN_WakeUpFromRxMsgCallback)
    HAL_DMA_Abort                            0x08010e7b   Thumb Code   146  stm32f4xx_hal_dma.o(i.HAL_DMA_Abort)
    HAL_DMA_Abort_IT                         0x08010f0d   Thumb Code    36  stm32f4xx_hal_dma.o(i.HAL_DMA_Abort_IT)
    HAL_DMA_IRQHandler                       0x08010f31   Thumb Code   412  stm32f4xx_hal_dma.o(i.HAL_DMA_IRQHandler)
    HAL_DMA_Init                             0x080110d1   Thumb Code   206  stm32f4xx_hal_dma.o(i.HAL_DMA_Init)
    HAL_DMA_Start_IT                         0x080111a5   Thumb Code   110  stm32f4xx_hal_dma.o(i.HAL_DMA_Start_IT)
    HAL_Delay                                0x08011215   Thumb Code    32  stm32f4xx_hal.o(i.HAL_Delay)
    HAL_GPIO_Init                            0x08011239   Thumb Code   450  stm32f4xx_hal_gpio.o(i.HAL_GPIO_Init)
    HAL_GPIO_TogglePin                       0x08011429   Thumb Code    16  stm32f4xx_hal_gpio.o(i.HAL_GPIO_TogglePin)
    HAL_GPIO_WritePin                        0x08011439   Thumb Code    10  stm32f4xx_hal_gpio.o(i.HAL_GPIO_WritePin)
    HAL_GetTick                              0x08011445   Thumb Code     6  stm32f4xx_hal.o(i.HAL_GetTick)
    HAL_IncTick                              0x08011451   Thumb Code    12  stm32f4xx_hal.o(i.HAL_IncTick)
    HAL_Init                                 0x08011461   Thumb Code    48  stm32f4xx_hal.o(i.HAL_Init)
    HAL_InitTick                             0x08011495   Thumb Code    54  stm32f4xx_hal.o(i.HAL_InitTick)
    HAL_MspInit                              0x080114d5   Thumb Code    48  stm32f4xx_hal_msp.o(i.HAL_MspInit)
    HAL_NVIC_EnableIRQ                       0x08011509   Thumb Code    26  stm32f4xx_hal_cortex.o(i.HAL_NVIC_EnableIRQ)
    HAL_NVIC_SetPriority                     0x08011525   Thumb Code    60  stm32f4xx_hal_cortex.o(i.HAL_NVIC_SetPriority)
    HAL_NVIC_SetPriorityGrouping             0x08011565   Thumb Code    26  stm32f4xx_hal_cortex.o(i.HAL_NVIC_SetPriorityGrouping)
    HAL_RCC_ClockConfig                      0x08011589   Thumb Code   288  stm32f4xx_hal_rcc.o(i.HAL_RCC_ClockConfig)
    HAL_RCC_GetPCLK1Freq                     0x080116bd   Thumb Code    20  stm32f4xx_hal_rcc.o(i.HAL_RCC_GetPCLK1Freq)
    HAL_RCC_GetPCLK2Freq                     0x080116dd   Thumb Code    20  stm32f4xx_hal_rcc.o(i.HAL_RCC_GetPCLK2Freq)
    HAL_RCC_GetSysClockFreq                  0x080116fd   Thumb Code    88  stm32f4xx_hal_rcc.o(i.HAL_RCC_GetSysClockFreq)
    HAL_RCC_OscConfig                        0x08011761   Thumb Code   856  stm32f4xx_hal_rcc.o(i.HAL_RCC_OscConfig)
    HAL_SD_AbortCallback                     0x08011acd   Thumb Code     8  bsp_driver_sd.o(i.HAL_SD_AbortCallback)
    HAL_SD_ConfigWideBusOperation            0x08011ad5   Thumb Code   276  stm32f4xx_hal_sd.o(i.HAL_SD_ConfigWideBusOperation)
    HAL_SD_ErrorCallback                     0x08011bed   Thumb Code     2  stm32f4xx_hal_sd.o(i.HAL_SD_ErrorCallback)
    HAL_SD_GetCardCSD                        0x08011bf1   Thumb Code   402  stm32f4xx_hal_sd.o(i.HAL_SD_GetCardCSD)
    HAL_SD_GetCardInfo                       0x08011d89   Thumb Code    36  stm32f4xx_hal_sd.o(i.HAL_SD_GetCardInfo)
    HAL_SD_GetCardState                      0x08011dad   Thumb Code    44  stm32f4xx_hal_sd.o(i.HAL_SD_GetCardState)
    HAL_SD_IRQHandler                        0x08011dd9   Thumb Code   512  stm32f4xx_hal_sd.o(i.HAL_SD_IRQHandler)
    HAL_SD_Init                              0x08011fe1   Thumb Code    54  stm32f4xx_hal_sd.o(i.HAL_SD_Init)
    HAL_SD_InitCard                          0x08012019   Thumb Code   116  stm32f4xx_hal_sd.o(i.HAL_SD_InitCard)
    HAL_SD_MspInit                           0x08012095   Thumb Code   286  stm32f4xx_hal_msp.o(i.HAL_SD_MspInit)
    HAL_SD_ReadBlocks                        0x080121d1   Thumb Code   468  stm32f4xx_hal_sd.o(i.HAL_SD_ReadBlocks)
    HAL_SD_RxCpltCallback                    0x080123a9   Thumb Code     8  bsp_driver_sd.o(i.HAL_SD_RxCpltCallback)
    HAL_SD_TxCpltCallback                    0x080123b1   Thumb Code     8  bsp_driver_sd.o(i.HAL_SD_TxCpltCallback)
    HAL_SD_WriteBlocks                       0x080123b9   Thumb Code   422  stm32f4xx_hal_sd.o(i.HAL_SD_WriteBlocks)
    HAL_SYSTICK_Config                       0x08012565   Thumb Code    40  stm32f4xx_hal_cortex.o(i.HAL_SYSTICK_Config)
    HAL_UARTEx_RxEventCallback               0x0801258d   Thumb Code     2  stm32f4xx_hal_uart.o(i.HAL_UARTEx_RxEventCallback)
    HAL_UART_ErrorCallback                   0x0801258f   Thumb Code     2  stm32f4xx_hal_uart.o(i.HAL_UART_ErrorCallback)
    HAL_UART_IRQHandler                      0x08012591   Thumb Code   610  stm32f4xx_hal_uart.o(i.HAL_UART_IRQHandler)
    HAL_UART_Init                            0x080127f9   Thumb Code    98  stm32f4xx_hal_uart.o(i.HAL_UART_Init)
    HAL_UART_MspInit                         0x0801285d   Thumb Code   158  stm32f4xx_hal_msp.o(i.HAL_UART_MspInit)
    HAL_UART_Receive_IT                      0x08012911   Thumb Code    42  stm32f4xx_hal_uart.o(i.HAL_UART_Receive_IT)
    HAL_UART_RxCpltCallback                  0x0801293d   Thumb Code   106  main.o(i.HAL_UART_RxCpltCallback)
    HAL_UART_Transmit                        0x080129e5   Thumb Code   178  stm32f4xx_hal_uart.o(i.HAL_UART_Transmit)
    HAL_UART_Transmit_DMA                    0x08012a99   Thumb Code   126  stm32f4xx_hal_uart.o(i.HAL_UART_Transmit_DMA)
    HAL_UART_TxCpltCallback                  0x08012b25   Thumb Code     2  stm32f4xx_hal_uart.o(i.HAL_UART_TxCpltCallback)
    HAL_UART_TxHalfCpltCallback              0x08012b27   Thumb Code     2  stm32f4xx_hal_uart.o(i.HAL_UART_TxHalfCpltCallback)
    HardFault_Handler                        0x08012b29   Thumb Code     2  stm32f4xx_it.o(i.HardFault_Handler)
    LED_Operation                            0x08012b2b   Thumb Code    26  fml_led.o(i.LED_Operation)
    MX_FATFS_Init                            0x08012c55   Thumb Code    30  fatfs.o(i.MX_FATFS_Init)
    MemManage_Handler                        0x08012d85   Thumb Code     2  stm32f4xx_it.o(i.MemManage_Handler)
    NMI_Handler                              0x08012d87   Thumb Code     2  stm32f4xx_it.o(i.NMI_Handler)
    PendSV_Handler                           0x08012d89   Thumb Code     2  stm32f4xx_it.o(i.PendSV_Handler)
    PutData                                  0x08012d8d   Thumb Code    32  fml_looplist.o(i.PutData)
    SDIO_ConfigData                          0x08012ded   Thumb Code    36  stm32f4xx_ll_sdmmc.o(i.SDIO_ConfigData)
    SDIO_GetPowerState                       0x08012e11   Thumb Code     8  stm32f4xx_ll_sdmmc.o(i.SDIO_GetPowerState)
    SDIO_GetResponse                         0x08012e19   Thumb Code     6  stm32f4xx_ll_sdmmc.o(i.SDIO_GetResponse)
    SDIO_IRQHandler                          0x08012e21   Thumb Code     6  stm32f4xx_it.o(i.SDIO_IRQHandler)
    SDIO_Init                                0x08012e2d   Thumb Code    36  stm32f4xx_ll_sdmmc.o(i.SDIO_Init)
    SDIO_PowerState_ON                       0x08012e51   Thumb Code     8  stm32f4xx_ll_sdmmc.o(i.SDIO_PowerState_ON)
    SDIO_ReadFIFO                            0x08012e59   Thumb Code     6  stm32f4xx_ll_sdmmc.o(i.SDIO_ReadFIFO)
    SDIO_SendCommand                         0x08012e5f   Thumb Code    32  stm32f4xx_ll_sdmmc.o(i.SDIO_SendCommand)
    SDIO_WriteFIFO                           0x08012e7f   Thumb Code    10  stm32f4xx_ll_sdmmc.o(i.SDIO_WriteFIFO)
    SDMMC_CmdAppCommand                      0x08012e89   Thumb Code    50  stm32f4xx_ll_sdmmc.o(i.SDMMC_CmdAppCommand)
    SDMMC_CmdAppOperCommand                  0x08012ebd   Thumb Code    48  stm32f4xx_ll_sdmmc.o(i.SDMMC_CmdAppOperCommand)
    SDMMC_CmdBlockLength                     0x08012ef1   Thumb Code    50  stm32f4xx_ll_sdmmc.o(i.SDMMC_CmdBlockLength)
    SDMMC_CmdBusWidth                        0x08012f23   Thumb Code    50  stm32f4xx_ll_sdmmc.o(i.SDMMC_CmdBusWidth)
    SDMMC_CmdGoIdleState                     0x08012f55   Thumb Code    74  stm32f4xx_ll_sdmmc.o(i.SDMMC_CmdGoIdleState)
    SDMMC_CmdOperCond                        0x08012fa5   Thumb Code    48  stm32f4xx_ll_sdmmc.o(i.SDMMC_CmdOperCond)
    SDMMC_CmdReadMultiBlock                  0x08012fd5   Thumb Code    50  stm32f4xx_ll_sdmmc.o(i.SDMMC_CmdReadMultiBlock)
    SDMMC_CmdReadSingleBlock                 0x08013007   Thumb Code    50  stm32f4xx_ll_sdmmc.o(i.SDMMC_CmdReadSingleBlock)
    SDMMC_CmdSelDesel                        0x08013039   Thumb Code    50  stm32f4xx_ll_sdmmc.o(i.SDMMC_CmdSelDesel)
    SDMMC_CmdSendCID                         0x0801306b   Thumb Code    44  stm32f4xx_ll_sdmmc.o(i.SDMMC_CmdSendCID)
    SDMMC_CmdSendCSD                         0x08013097   Thumb Code    44  stm32f4xx_ll_sdmmc.o(i.SDMMC_CmdSendCSD)
    SDMMC_CmdSendSCR                         0x080130c3   Thumb Code    48  stm32f4xx_ll_sdmmc.o(i.SDMMC_CmdSendSCR)
    SDMMC_CmdSendStatus                      0x080130f3   Thumb Code    50  stm32f4xx_ll_sdmmc.o(i.SDMMC_CmdSendStatus)
    SDMMC_CmdSetRelAdd                       0x08013125   Thumb Code    48  stm32f4xx_ll_sdmmc.o(i.SDMMC_CmdSetRelAdd)
    SDMMC_CmdStopTransfer                    0x08013155   Thumb Code    46  stm32f4xx_ll_sdmmc.o(i.SDMMC_CmdStopTransfer)
    SDMMC_CmdWriteMultiBlock                 0x08013189   Thumb Code    50  stm32f4xx_ll_sdmmc.o(i.SDMMC_CmdWriteMultiBlock)
    SDMMC_CmdWriteSingleBlock                0x080131bb   Thumb Code    50  stm32f4xx_ll_sdmmc.o(i.SDMMC_CmdWriteSingleBlock)
    SDMMC_GetCmdResp1                        0x080131ed   Thumb Code   278  stm32f4xx_ll_sdmmc.o(i.SDMMC_GetCmdResp1)
    SDMMC_GetCmdResp2                        0x0801330d   Thumb Code    76  stm32f4xx_ll_sdmmc.o(i.SDMMC_GetCmdResp2)
    SDMMC_GetCmdResp3                        0x0801335d   Thumb Code    62  stm32f4xx_ll_sdmmc.o(i.SDMMC_GetCmdResp3)
    SDMMC_GetCmdResp6                        0x080133a1   Thumb Code   130  stm32f4xx_ll_sdmmc.o(i.SDMMC_GetCmdResp6)
    SDMMC_GetCmdResp7                        0x08013429   Thumb Code    82  stm32f4xx_ll_sdmmc.o(i.SDMMC_GetCmdResp7)
    SD_initialize                            0x080137a5   Thumb Code    28  sd_diskio.o(i.SD_initialize)
    SD_ioctl                                 0x080137c5   Thumb Code    76  sd_diskio.o(i.SD_ioctl)
    SD_read                                  0x08013815   Thumb Code    38  sd_diskio.o(i.SD_read)
    SD_status                                0x0801383b   Thumb Code     4  sd_diskio.o(i.SD_status)
    SD_write                                 0x08013841   Thumb Code    38  sd_diskio.o(i.SD_write)
    SVC_Handler                              0x08013867   Thumb Code     2  stm32f4xx_it.o(i.SVC_Handler)
    SysTick_Handler                          0x08013869   Thumb Code    44  stm32f4xx_it.o(i.SysTick_Handler)
    SystemClock_Config                       0x080138a5   Thumb Code   142  main.o(i.SystemClock_Config)
    SystemInit                               0x0801393d   Thumb Code    12  system_stm32f4xx.o(i.SystemInit)
    UART_Start_Receive_IT                    0x08013c29   Thumb Code    58  stm32f4xx_hal_uart.o(i.UART_Start_Receive_IT)
    USART1_IRQHandler                        0x08013cdd   Thumb Code     6  stm32f4xx_it.o(i.USART1_IRQHandler)
    UsageFault_Handler                       0x08013ce9   Thumb Code     2  stm32f4xx_it.o(i.UsageFault_Handler)
    Usart_DMA_SendString                     0x08013ced   Thumb Code    30  fml_usart.o(i.Usart_DMA_SendString)
    Usart_IT_Deal                            0x08013d11   Thumb Code   126  app_usart.o(i.Usart_IT_Deal)
    __0printf$1                              0x08013d9d   Thumb Code    22  printf1.o(i.__0printf$1)
    __1printf$1                              0x08013d9d   Thumb Code     0  printf1.o(i.__0printf$1)
    __2printf                                0x08013d9d   Thumb Code     0  printf1.o(i.__0printf$1)
    __scatterload_copy                       0x08013ddd   Thumb Code    14  handlers.o(i.__scatterload_copy)
    __scatterload_null                       0x08013deb   Thumb Code     2  handlers.o(i.__scatterload_null)
    __scatterload_zeroinit                   0x08013ded   Thumb Code    14  handlers.o(i.__scatterload_zeroinit)
    disk_initialize                          0x080148b5   Thumb Code    38  diskio.o(i.disk_initialize)
    disk_ioctl                               0x080148e1   Thumb Code    22  diskio.o(i.disk_ioctl)
    disk_read                                0x080148fd   Thumb Code    28  diskio.o(i.disk_read)
    disk_status                              0x0801491d   Thumb Code    18  diskio.o(i.disk_status)
    disk_write                               0x08014935   Thumb Code    28  diskio.o(i.disk_write)
    f_close                                  0x0801497d   Thumb Code    42  ff.o(i.f_close)
    f_mount                                  0x080149a9   Thumb Code    98  ff.o(i.f_mount)
    f_open                                   0x08014a11   Thumb Code   538  ff.o(i.f_open)
    f_sync                                   0x08014c2b   Thumb Code   154  ff.o(i.f_sync)
    f_write                                  0x08014cc5   Thumb Code   452  ff.o(i.f_write)
    ff_convert                               0x08014e89   Thumb Code    88  cc936.o(i.ff_convert)
    ff_wtoupper                              0x08014ee9   Thumb Code   156  cc936.o(i.ff_wtoupper)
    fputc                                    0x080152f1   Thumb Code    20  fml_usart.o(i.fputc)
    get_fattime                              0x08015473   Thumb Code     4  fatfs.o(i.get_fattime)
    main                                     0x080155a1   Thumb Code   360  main.o(i.main)
    rbCanRead                                0x08015a51   Thumb Code    50  fml_looplist.o(i.rbCanRead)
    rbCanWrite                               0x08015aa1   Thumb Code    34  fml_looplist.o(i.rbCanWrite)
    rbCapacity                               0x08015ac9   Thumb Code    20  fml_looplist.o(i.rbCapacity)
    rbCreate                                 0x08015af9   Thumb Code    18  fml_looplist.o(i.rbCreate)
    rbRead                                   0x08015b29   Thumb Code   138  fml_looplist.o(i.rbRead)
    rbWrite                                  0x08015bed   Thumb Code   152  fml_looplist.o(i.rbWrite)
    SD_Driver                                0x08015ec4   Data          20  sd_diskio.o(.constdata)
    AHBPrescTable                            0x08015ee0   Data          16  system_stm32f4xx.o(.constdata)
    APBPrescTable                            0x08015ef0   Data           8  system_stm32f4xx.o(.constdata)
    Region$$Table$$Base                      0x08040ad8   Number         0  anon$$obj.o(Region$$Table)
    Region$$Table$$Limit                     0x08040af8   Number         0  anon$$obj.o(Region$$Table)
    RxTx_IT_Usart1                           0x20000000   Data          44  fml_usart.o(.data)
    wtext                                    0x20000030   Data           2  main.o(.data)
    byteswritten                             0x20000034   Data           4  main.o(.data)
    Rx_CAN1                                  0x20000038   Data          24  main.o(.data)
    Rx_CAN2                                  0x20000050   Data          24  main.o(.data)
    filename                                 0x20000068   Data          23  main.o(.data)
    retSD                                    0x20000080   Data           1  fatfs.o(.data)
    SDPath                                   0x20000081   Data           4  fatfs.o(.data)
    Current_IAP_UpDate_Flag                  0x20000090   Data           1  app_looplist.o(.data)
    data_num                                 0x20000094   Data           4  app_looplist.o(.data)
    UpdateReadCnt                            0x20000098   Data           4  app_looplist.o(.data)
    UpdateIdleCnt                            0x2000009c   Data           4  app_looplist.o(.data)
    uwTickFreq                               0x200000a4   Data           1  stm32f4xx_hal.o(.data)
    uwTickPrio                               0x200000a8   Data           4  stm32f4xx_hal.o(.data)
    uwTick                                   0x200000ac   Data           4  stm32f4xx_hal.o(.data)
    SystemCoreClock                          0x200000b0   Data           4  system_stm32f4xx.o(.data)
    __stdout                                 0x200000bc   Data           4  stdout.o(.data)
    pRb                                      0x200000c0   Data          16  fml_looplist.o(.bss)
    hcan1                                    0x200000d0   Data          40  main.o(.bss)
    hcan2                                    0x200000f8   Data          40  main.o(.bss)
    hsd                                      0x20000120   Data         132  main.o(.bss)
    huart1                                   0x200001a4   Data          68  main.o(.bss)
    fs                                       0x200001e8   Data         564  main.o(.bss)
    fil                                      0x2000041c   Data         560  main.o(.bss)
    hdma_sdio_rx                             0x2000064c   Data          96  main.o(.bss)
    hdma_sdio_tx                             0x200006ac   Data          96  main.o(.bss)
    hdma_usart1_tx                           0x2000070c   Data          96  main.o(.bss)
    SDFatFS                                  0x2000076c   Data         564  fatfs.o(.bss)
    IAP_UpdateBuff                           0x200009a0   Data        2048  app_looplist.o(.bss)
    ReadDat                                  0x200011a0   Data         128  app_looplist.o(.bss)
    disk                                     0x20001240   Data          12  ff_gen_drv.o(.bss)
    __initial_sp                             0x20002250   Data           0  startup_stm32f407xx.o(STACK)



==============================================================================

Memory Map of the image

  Image Entry point : 0x08010189

  Load Region LR_IROM1 (Base: 0x08010000, Size: 0x00030bb8, Max: 0x000f0000, ABSOLUTE)

    Execution Region ER_IROM1 (Base: 0x08010000, Size: 0x00030af8, Max: 0x000f0000, ABSOLUTE)

    Base Addr    Size         Type   Attr      Idx    E Section Name        Object

    0x08010000   0x00000188   Data   RO            3    RESET               startup_stm32f407xx.o
    0x08010188   0x00000000   Code   RO         3751  * .ARM.Collect$$$$00000000  mc_w.l(entry.o)
    0x08010188   0x00000004   Code   RO         4025    .ARM.Collect$$$$00000001  mc_w.l(entry2.o)
    0x0801018c   0x00000004   Code   RO         4028    .ARM.Collect$$$$00000004  mc_w.l(entry5.o)
    0x08010190   0x00000000   Code   RO         4030    .ARM.Collect$$$$00000008  mc_w.l(entry7b.o)
    0x08010190   0x00000000   Code   RO         4032    .ARM.Collect$$$$0000000A  mc_w.l(entry8b.o)
    0x08010190   0x00000008   Code   RO         4033    .ARM.Collect$$$$0000000B  mc_w.l(entry9a.o)
    0x08010198   0x00000000   Code   RO         4035    .ARM.Collect$$$$0000000D  mc_w.l(entry10a.o)
    0x08010198   0x00000000   Code   RO         4037    .ARM.Collect$$$$0000000F  mc_w.l(entry11a.o)
    0x08010198   0x00000004   Code   RO         4026    .ARM.Collect$$$$00002712  mc_w.l(entry2.o)
    0x0801019c   0x00000024   Code   RO            4    .text               startup_stm32f407xx.o
    0x080101c0   0x00000062   Code   RO         3754    .text               mc_w.l(uldiv.o)
    0x08010222   0x00000024   Code   RO         3756    .text               mc_w.l(memcpya.o)
    0x08010246   0x00000024   Code   RO         3758    .text               mc_w.l(memseta.o)
    0x0801026a   0x0000000e   Code   RO         3760    .text               mc_w.l(strlen.o)
    0x08010278   0x0000002c   Code   RO         4040    .text               mc_w.l(uidiv.o)
    0x080102a4   0x0000001e   Code   RO         4042    .text               mc_w.l(llshl.o)
    0x080102c2   0x00000020   Code   RO         4044    .text               mc_w.l(llushr.o)
    0x080102e2   0x00000002   PAD
    0x080102e4   0x00000024   Code   RO         4057    .text               mc_w.l(init.o)
    0x08010308   0x00000218   Code   RO          841    i.APP_Update_Recieve  app_looplist.o
    0x08010520   0x00000002   Code   RO          440    i.BSP_SD_AbortCallback  bsp_driver_sd.o
    0x08010522   0x00000002   PAD
    0x08010524   0x0000000c   Code   RO          443    i.BSP_SD_GetCardInfo  bsp_driver_sd.o
    0x08010530   0x00000018   Code   RO          444    i.BSP_SD_GetCardState  bsp_driver_sd.o
    0x08010548   0x00000030   Code   RO          446    i.BSP_SD_Init       bsp_driver_sd.o
    0x08010578   0x0000000e   Code   RO          447    i.BSP_SD_IsDetected  bsp_driver_sd.o
    0x08010586   0x00000002   PAD
    0x08010588   0x00000020   Code   RO          448    i.BSP_SD_ReadBlocks  bsp_driver_sd.o
    0x080105a8   0x00000002   Code   RO          450    i.BSP_SD_ReadCpltCallback  bsp_driver_sd.o
    0x080105aa   0x00000002   PAD
    0x080105ac   0x00000020   Code   RO          451    i.BSP_SD_WriteBlocks  bsp_driver_sd.o
    0x080105cc   0x00000002   Code   RO          453    i.BSP_SD_WriteCpltCallback  bsp_driver_sd.o
    0x080105ce   0x00000002   Code   RO          659    i.BusFault_Handler  stm32f4xx_it.o
    0x080105d0   0x0000000c   Code   RO          660    i.CAN1_RX0_IRQHandler  stm32f4xx_it.o
    0x080105dc   0x0000000c   Code   RO          661    i.CAN2_RX0_IRQHandler  stm32f4xx_it.o
    0x080105e8   0x00000048   Code   RO          219    i.CAN_RecieveMsg    fml_can.o
    0x08010630   0x0000000c   Code   RO          662    i.DMA2_Stream3_IRQHandler  stm32f4xx_it.o
    0x0801063c   0x0000000c   Code   RO          663    i.DMA2_Stream6_IRQHandler  stm32f4xx_it.o
    0x08010648   0x0000000c   Code   RO          664    i.DMA2_Stream7_IRQHandler  stm32f4xx_it.o
    0x08010654   0x00000028   Code   RO         1592    i.DMA_CalcBaseAndBitshift  stm32f4xx_hal_dma.o
    0x0801067c   0x00000054   Code   RO         1593    i.DMA_CheckFifoParam  stm32f4xx_hal_dma.o
    0x080106d0   0x00000028   Code   RO         1594    i.DMA_SetConfig     stm32f4xx_hal_dma.o
    0x080106f8   0x00000002   Code   RO          665    i.DebugMon_Handler  stm32f4xx_it.o
    0x080106fa   0x00000004   Code   RO          323    i.Error_Handler     main.o
    0x080106fe   0x00000006   Code   RO         3648    i.FATFS_LinkDriver  ff_gen_drv.o
    0x08010704   0x00000044   Code   RO         3649    i.FATFS_LinkDriverEx  ff_gen_drv.o
    0x08010748   0x00000024   Code   RO          900    i.HAL_CAN_ActivateNotification  stm32f4xx_hal_can.o
    0x0801076c   0x0000010c   Code   RO          902    i.HAL_CAN_ConfigFilter  stm32f4xx_hal_can.o
    0x08010878   0x00000002   Code   RO          905    i.HAL_CAN_ErrorCallback  stm32f4xx_hal_can.o
    0x0801087a   0x000000e8   Code   RO          908    i.HAL_CAN_GetRxMessage  stm32f4xx_hal_can.o
    0x08010962   0x000001fc   Code   RO          912    i.HAL_CAN_IRQHandler  stm32f4xx_hal_can.o
    0x08010b5e   0x0000011a   Code   RO          913    i.HAL_CAN_Init      stm32f4xx_hal_can.o
    0x08010c78   0x00000100   Code   RO          779    i.HAL_CAN_MspInit   stm32f4xx_hal_msp.o
    0x08010d78   0x00000002   Code   RO          920    i.HAL_CAN_RxFifo0FullCallback  stm32f4xx_hal_can.o
    0x08010d7a   0x00000002   PAD
    0x08010d7c   0x00000090   Code   RO          324    i.HAL_CAN_RxFifo0MsgPendingCallback  main.o
    0x08010e0c   0x00000002   Code   RO          922    i.HAL_CAN_RxFifo1FullCallback  stm32f4xx_hal_can.o
    0x08010e0e   0x00000002   Code   RO          923    i.HAL_CAN_RxFifo1MsgPendingCallback  stm32f4xx_hal_can.o
    0x08010e10   0x00000002   Code   RO          924    i.HAL_CAN_SleepCallback  stm32f4xx_hal_can.o
    0x08010e12   0x00000002   PAD
    0x08010e14   0x00000058   Code   RO          925    i.HAL_CAN_Start     stm32f4xx_hal_can.o
    0x08010e6c   0x00000002   Code   RO          927    i.HAL_CAN_TxMailbox0AbortCallback  stm32f4xx_hal_can.o
    0x08010e6e   0x00000002   Code   RO          928    i.HAL_CAN_TxMailbox0CompleteCallback  stm32f4xx_hal_can.o
    0x08010e70   0x00000002   Code   RO          929    i.HAL_CAN_TxMailbox1AbortCallback  stm32f4xx_hal_can.o
    0x08010e72   0x00000002   Code   RO          930    i.HAL_CAN_TxMailbox1CompleteCallback  stm32f4xx_hal_can.o
    0x08010e74   0x00000002   Code   RO          931    i.HAL_CAN_TxMailbox2AbortCallback  stm32f4xx_hal_can.o
    0x08010e76   0x00000002   Code   RO          932    i.HAL_CAN_TxMailbox2CompleteCallback  stm32f4xx_hal_can.o
    0x08010e78   0x00000002   Code   RO          934    i.HAL_CAN_WakeUpFromRxMsgCallback  stm32f4xx_hal_can.o
    0x08010e7a   0x00000092   Code   RO         1595    i.HAL_DMA_Abort     stm32f4xx_hal_dma.o
    0x08010f0c   0x00000024   Code   RO         1596    i.HAL_DMA_Abort_IT  stm32f4xx_hal_dma.o
    0x08010f30   0x000001a0   Code   RO         1600    i.HAL_DMA_IRQHandler  stm32f4xx_hal_dma.o
    0x080110d0   0x000000d4   Code   RO         1601    i.HAL_DMA_Init      stm32f4xx_hal_dma.o
    0x080111a4   0x0000006e   Code   RO         1605    i.HAL_DMA_Start_IT  stm32f4xx_hal_dma.o
    0x08011212   0x00000002   PAD
    0x08011214   0x00000024   Code   RO         2014    i.HAL_Delay         stm32f4xx_hal.o
    0x08011238   0x000001f0   Code   RO         1488    i.HAL_GPIO_Init     stm32f4xx_hal_gpio.o
    0x08011428   0x00000010   Code   RO         1491    i.HAL_GPIO_TogglePin  stm32f4xx_hal_gpio.o
    0x08011438   0x0000000a   Code   RO         1492    i.HAL_GPIO_WritePin  stm32f4xx_hal_gpio.o
    0x08011442   0x00000002   PAD
    0x08011444   0x0000000c   Code   RO         2020    i.HAL_GetTick       stm32f4xx_hal.o
    0x08011450   0x00000010   Code   RO         2026    i.HAL_IncTick       stm32f4xx_hal.o
    0x08011460   0x00000034   Code   RO         2027    i.HAL_Init          stm32f4xx_hal.o
    0x08011494   0x00000040   Code   RO         2028    i.HAL_InitTick      stm32f4xx_hal.o
    0x080114d4   0x00000034   Code   RO          780    i.HAL_MspInit       stm32f4xx_hal_msp.o
    0x08011508   0x0000001a   Code   RO         1877    i.HAL_NVIC_EnableIRQ  stm32f4xx_hal_cortex.o
    0x08011522   0x00000002   PAD
    0x08011524   0x00000040   Code   RO         1883    i.HAL_NVIC_SetPriority  stm32f4xx_hal_cortex.o
    0x08011564   0x00000024   Code   RO         1884    i.HAL_NVIC_SetPriorityGrouping  stm32f4xx_hal_cortex.o
    0x08011588   0x00000134   Code   RO         1134    i.HAL_RCC_ClockConfig  stm32f4xx_hal_rcc.o
    0x080116bc   0x00000020   Code   RO         1141    i.HAL_RCC_GetPCLK1Freq  stm32f4xx_hal_rcc.o
    0x080116dc   0x00000020   Code   RO         1142    i.HAL_RCC_GetPCLK2Freq  stm32f4xx_hal_rcc.o
    0x080116fc   0x00000064   Code   RO         1143    i.HAL_RCC_GetSysClockFreq  stm32f4xx_hal_rcc.o
    0x08011760   0x0000036c   Code   RO         1146    i.HAL_RCC_OscConfig  stm32f4xx_hal_rcc.o
    0x08011acc   0x00000008   Code   RO          454    i.HAL_SD_AbortCallback  bsp_driver_sd.o
    0x08011ad4   0x00000118   Code   RO         2554    i.HAL_SD_ConfigWideBusOperation  stm32f4xx_hal_sd.o
    0x08011bec   0x00000002   Code   RO         2557    i.HAL_SD_ErrorCallback  stm32f4xx_hal_sd.o
    0x08011bee   0x00000002   PAD
    0x08011bf0   0x00000198   Code   RO         2559    i.HAL_SD_GetCardCSD  stm32f4xx_hal_sd.o
    0x08011d88   0x00000024   Code   RO         2560    i.HAL_SD_GetCardInfo  stm32f4xx_hal_sd.o
    0x08011dac   0x0000002c   Code   RO         2561    i.HAL_SD_GetCardState  stm32f4xx_hal_sd.o
    0x08011dd8   0x00000208   Code   RO         2565    i.HAL_SD_IRQHandler  stm32f4xx_hal_sd.o
    0x08011fe0   0x00000036   Code   RO         2566    i.HAL_SD_Init       stm32f4xx_hal_sd.o
    0x08012016   0x00000002   PAD
    0x08012018   0x0000007c   Code   RO         2567    i.HAL_SD_InitCard   stm32f4xx_hal_sd.o
    0x08012094   0x0000013c   Code   RO          782    i.HAL_SD_MspInit    stm32f4xx_hal_msp.o
    0x080121d0   0x000001d8   Code   RO         2570    i.HAL_SD_ReadBlocks  stm32f4xx_hal_sd.o
    0x080123a8   0x00000008   Code   RO          455    i.HAL_SD_RxCpltCallback  bsp_driver_sd.o
    0x080123b0   0x00000008   Code   RO          456    i.HAL_SD_TxCpltCallback  bsp_driver_sd.o
    0x080123b8   0x000001ac   Code   RO         2575    i.HAL_SD_WriteBlocks  stm32f4xx_hal_sd.o
    0x08012564   0x00000028   Code   RO         1888    i.HAL_SYSTICK_Config  stm32f4xx_hal_cortex.o
    0x0801258c   0x00000002   Code   RO         2823    i.HAL_UARTEx_RxEventCallback  stm32f4xx_hal_uart.o
    0x0801258e   0x00000002   Code   RO         2837    i.HAL_UART_ErrorCallback  stm32f4xx_hal_uart.o
    0x08012590   0x00000268   Code   RO         2840    i.HAL_UART_IRQHandler  stm32f4xx_hal_uart.o
    0x080127f8   0x00000062   Code   RO         2841    i.HAL_UART_Init     stm32f4xx_hal_uart.o
    0x0801285a   0x00000002   PAD
    0x0801285c   0x000000b4   Code   RO          784    i.HAL_UART_MspInit  stm32f4xx_hal_msp.o
    0x08012910   0x0000002a   Code   RO         2846    i.HAL_UART_Receive_IT  stm32f4xx_hal_uart.o
    0x0801293a   0x00000002   PAD
    0x0801293c   0x000000a8   Code   RO          325    i.HAL_UART_RxCpltCallback  main.o
    0x080129e4   0x000000b2   Code   RO         2849    i.HAL_UART_Transmit  stm32f4xx_hal_uart.o
    0x08012a96   0x00000002   PAD
    0x08012a98   0x0000008c   Code   RO         2850    i.HAL_UART_Transmit_DMA  stm32f4xx_hal_uart.o
    0x08012b24   0x00000002   Code   RO         2852    i.HAL_UART_TxCpltCallback  stm32f4xx_hal_uart.o
    0x08012b26   0x00000002   Code   RO         2853    i.HAL_UART_TxHalfCpltCallback  stm32f4xx_hal_uart.o
    0x08012b28   0x00000002   Code   RO          666    i.HardFault_Handler  stm32f4xx_it.o
    0x08012b2a   0x0000001a   Code   RO           13    i.LED_Operation     fml_led.o
    0x08012b44   0x00000088   Code   RO          326    i.MX_CAN1_Init      main.o
    0x08012bcc   0x00000088   Code   RO          327    i.MX_CAN2_Init      main.o
    0x08012c54   0x0000002c   Code   RO          621    i.MX_FATFS_Init     fatfs.o
    0x08012c80   0x000000c4   Code   RO          328    i.MX_GPIO_Init      main.o
    0x08012d44   0x00000040   Code   RO          329    i.MX_USART1_UART_Init  main.o
    0x08012d84   0x00000002   Code   RO          667    i.MemManage_Handler  stm32f4xx_it.o
    0x08012d86   0x00000002   Code   RO          668    i.NMI_Handler       stm32f4xx_it.o
    0x08012d88   0x00000002   Code   RO          669    i.PendSV_Handler    stm32f4xx_it.o
    0x08012d8a   0x00000002   PAD
    0x08012d8c   0x00000060   Code   RO          252    i.PutData           fml_looplist.o
    0x08012dec   0x00000024   Code   RO         2265    i.SDIO_ConfigData   stm32f4xx_ll_sdmmc.o
    0x08012e10   0x00000008   Code   RO         2269    i.SDIO_GetPowerState  stm32f4xx_ll_sdmmc.o
    0x08012e18   0x00000006   Code   RO         2270    i.SDIO_GetResponse  stm32f4xx_ll_sdmmc.o
    0x08012e1e   0x00000002   PAD
    0x08012e20   0x0000000c   Code   RO          670    i.SDIO_IRQHandler   stm32f4xx_it.o
    0x08012e2c   0x00000024   Code   RO         2271    i.SDIO_Init         stm32f4xx_ll_sdmmc.o
    0x08012e50   0x00000008   Code   RO         2273    i.SDIO_PowerState_ON  stm32f4xx_ll_sdmmc.o
    0x08012e58   0x00000006   Code   RO         2274    i.SDIO_ReadFIFO     stm32f4xx_ll_sdmmc.o
    0x08012e5e   0x00000020   Code   RO         2275    i.SDIO_SendCommand  stm32f4xx_ll_sdmmc.o
    0x08012e7e   0x0000000a   Code   RO         2277    i.SDIO_WriteFIFO    stm32f4xx_ll_sdmmc.o
    0x08012e88   0x00000032   Code   RO         2278    i.SDMMC_CmdAppCommand  stm32f4xx_ll_sdmmc.o
    0x08012eba   0x00000002   PAD
    0x08012ebc   0x00000034   Code   RO         2279    i.SDMMC_CmdAppOperCommand  stm32f4xx_ll_sdmmc.o
    0x08012ef0   0x00000032   Code   RO         2280    i.SDMMC_CmdBlockLength  stm32f4xx_ll_sdmmc.o
    0x08012f22   0x00000032   Code   RO         2281    i.SDMMC_CmdBusWidth  stm32f4xx_ll_sdmmc.o
    0x08012f54   0x00000050   Code   RO         2285    i.SDMMC_CmdGoIdleState  stm32f4xx_ll_sdmmc.o
    0x08012fa4   0x00000030   Code   RO         2287    i.SDMMC_CmdOperCond  stm32f4xx_ll_sdmmc.o
    0x08012fd4   0x00000032   Code   RO         2288    i.SDMMC_CmdReadMultiBlock  stm32f4xx_ll_sdmmc.o
    0x08013006   0x00000032   Code   RO         2289    i.SDMMC_CmdReadSingleBlock  stm32f4xx_ll_sdmmc.o
    0x08013038   0x00000032   Code   RO         2292    i.SDMMC_CmdSelDesel  stm32f4xx_ll_sdmmc.o
    0x0801306a   0x0000002c   Code   RO         2293    i.SDMMC_CmdSendCID  stm32f4xx_ll_sdmmc.o
    0x08013096   0x0000002c   Code   RO         2294    i.SDMMC_CmdSendCSD  stm32f4xx_ll_sdmmc.o
    0x080130c2   0x00000030   Code   RO         2296    i.SDMMC_CmdSendSCR  stm32f4xx_ll_sdmmc.o
    0x080130f2   0x00000032   Code   RO         2297    i.SDMMC_CmdSendStatus  stm32f4xx_ll_sdmmc.o
    0x08013124   0x00000030   Code   RO         2298    i.SDMMC_CmdSetRelAdd  stm32f4xx_ll_sdmmc.o
    0x08013154   0x00000034   Code   RO         2301    i.SDMMC_CmdStopTransfer  stm32f4xx_ll_sdmmc.o
    0x08013188   0x00000032   Code   RO         2303    i.SDMMC_CmdWriteMultiBlock  stm32f4xx_ll_sdmmc.o
    0x080131ba   0x00000032   Code   RO         2304    i.SDMMC_CmdWriteSingleBlock  stm32f4xx_ll_sdmmc.o
    0x080131ec   0x00000120   Code   RO         2305    i.SDMMC_GetCmdResp1  stm32f4xx_ll_sdmmc.o
    0x0801330c   0x00000050   Code   RO         2306    i.SDMMC_GetCmdResp2  stm32f4xx_ll_sdmmc.o
    0x0801335c   0x00000044   Code   RO         2307    i.SDMMC_GetCmdResp3  stm32f4xx_ll_sdmmc.o
    0x080133a0   0x00000088   Code   RO         2308    i.SDMMC_GetCmdResp6  stm32f4xx_ll_sdmmc.o
    0x08013428   0x00000058   Code   RO         2309    i.SDMMC_GetCmdResp7  stm32f4xx_ll_sdmmc.o
    0x08013480   0x00000020   Code   RO          561    i.SD_CheckStatus    sd_diskio.o
    0x080134a0   0x00000044   Code   RO         2580    i.SD_DMARxAbort     stm32f4xx_hal_sd.o
    0x080134e4   0x00000044   Code   RO         2582    i.SD_DMATxAbort     stm32f4xx_hal_sd.o
    0x08013528   0x000000da   Code   RO         2583    i.SD_FindSCR        stm32f4xx_hal_sd.o
    0x08013602   0x000000ee   Code   RO         2584    i.SD_InitCard       stm32f4xx_hal_sd.o
    0x080136f0   0x000000b4   Code   RO         2585    i.SD_PowerON        stm32f4xx_hal_sd.o
    0x080137a4   0x00000020   Code   RO          562    i.SD_initialize     sd_diskio.o
    0x080137c4   0x00000050   Code   RO          563    i.SD_ioctl          sd_diskio.o
    0x08013814   0x00000026   Code   RO          564    i.SD_read           sd_diskio.o
    0x0801383a   0x00000004   Code   RO          565    i.SD_status         sd_diskio.o
    0x0801383e   0x00000002   PAD
    0x08013840   0x00000026   Code   RO          566    i.SD_write          sd_diskio.o
    0x08013866   0x00000002   Code   RO          671    i.SVC_Handler       stm32f4xx_it.o
    0x08013868   0x0000003c   Code   RO          672    i.SysTick_Handler   stm32f4xx_it.o
    0x080138a4   0x00000098   Code   RO          330    i.SystemClock_Config  main.o
    0x0801393c   0x00000010   Code   RO         3170    i.SystemInit        system_stm32f4xx.o
    0x0801394c   0x00000010   Code   RO         2854    i.UART_DMAAbortOnError  stm32f4xx_hal_uart.o
    0x0801395c   0x0000004a   Code   RO         2855    i.UART_DMAError     stm32f4xx_hal_uart.o
    0x080139a6   0x00000042   Code   RO         2860    i.UART_DMATransmitCplt  stm32f4xx_hal_uart.o
    0x080139e8   0x0000000a   Code   RO         2862    i.UART_DMATxHalfCplt  stm32f4xx_hal_uart.o
    0x080139f2   0x0000004e   Code   RO         2864    i.UART_EndRxTransfer  stm32f4xx_hal_uart.o
    0x08013a40   0x0000001c   Code   RO         2865    i.UART_EndTxTransfer  stm32f4xx_hal_uart.o
    0x08013a5c   0x000000c0   Code   RO         2866    i.UART_Receive_IT   stm32f4xx_hal_uart.o
    0x08013b1c   0x0000010c   Code   RO         2867    i.UART_SetConfig    stm32f4xx_hal_uart.o
    0x08013c28   0x0000003a   Code   RO         2869    i.UART_Start_Receive_IT  stm32f4xx_hal_uart.o
    0x08013c62   0x00000078   Code   RO         2870    i.UART_WaitOnFlagUntilTimeout  stm32f4xx_hal_uart.o
    0x08013cda   0x00000002   PAD
    0x08013cdc   0x0000000c   Code   RO          673    i.USART1_IRQHandler  stm32f4xx_it.o
    0x08013ce8   0x00000002   Code   RO          674    i.UsageFault_Handler  stm32f4xx_it.o
    0x08013cea   0x00000002   PAD
    0x08013cec   0x00000024   Code   RO          166    i.Usart_DMA_SendString  fml_usart.o
    0x08013d10   0x0000008c   Code   RO          874    i.Usart_IT_Deal     app_usart.o
    0x08013d9c   0x00000020   Code   RO         3809    i.__0printf$1       mc_w.l(printf1.o)
    0x08013dbc   0x00000020   Code   RO         1890    i.__NVIC_SetPriority  stm32f4xx_hal_cortex.o
    0x08013ddc   0x0000000e   Code   RO         4065    i.__scatterload_copy  mc_w.l(handlers.o)
    0x08013dea   0x00000002   Code   RO         4066    i.__scatterload_null  mc_w.l(handlers.o)
    0x08013dec   0x0000000e   Code   RO         4067    i.__scatterload_zeroinit  mc_w.l(handlers.o)
    0x08013dfa   0x00000002   PAD
    0x08013dfc   0x00000154   Code   RO         3816    i._printf_core      mc_w.l(printf1.o)
    0x08013f50   0x00000074   Code   RO         3262    i.check_fs          ff.o
    0x08013fc4   0x00000010   Code   RO         3263    i.chk_chr           ff.o
    0x08013fd4   0x00000070   Code   RO         3264    i.chk_lock          ff.o
    0x08014044   0x00000024   Code   RO         3265    i.clear_lock        ff.o
    0x08014068   0x00000028   Code   RO         3266    i.clmt_clust        ff.o
    0x08014090   0x00000018   Code   RO         3267    i.clust2sect        ff.o
    0x080140a8   0x00000098   Code   RO         3268    i.cmp_lfn           ff.o
    0x08014140   0x000000ba   Code   RO         3269    i.create_chain      ff.o
    0x080141fa   0x00000002   PAD
    0x080141fc   0x00000258   Code   RO         3270    i.create_name       ff.o
    0x08014454   0x00000030   Code   RO         3271    i.dec_lock          ff.o
    0x08014484   0x0000004a   Code   RO         3272    i.dir_alloc         ff.o
    0x080144ce   0x000000de   Code   RO         3273    i.dir_find          ff.o
    0x080145ac   0x00000126   Code   RO         3274    i.dir_next          ff.o
    0x080146d2   0x00000002   PAD
    0x080146d4   0x0000013c   Code   RO         3276    i.dir_register      ff.o
    0x08014810   0x000000a4   Code   RO         3278    i.dir_sdi           ff.o
    0x080148b4   0x0000002c   Code   RO         3207    i.disk_initialize   diskio.o
    0x080148e0   0x0000001c   Code   RO         3208    i.disk_ioctl        diskio.o
    0x080148fc   0x00000020   Code   RO         3209    i.disk_read         diskio.o
    0x0801491c   0x00000018   Code   RO         3210    i.disk_status       diskio.o
    0x08014934   0x00000020   Code   RO         3211    i.disk_write        diskio.o
    0x08014954   0x00000028   Code   RO         3279    i.enq_lock          ff.o
    0x0801497c   0x0000002a   Code   RO         3280    i.f_close           ff.o
    0x080149a6   0x00000002   PAD
    0x080149a8   0x00000068   Code   RO         3287    i.f_mount           ff.o
    0x08014a10   0x0000021a   Code   RO         3288    i.f_open            ff.o
    0x08014c2a   0x0000009a   Code   RO         3297    i.f_sync            ff.o
    0x08014cc4   0x000001c4   Code   RO         3300    i.f_write           ff.o
    0x08014e88   0x00000060   Code   RO         3722    i.ff_convert        cc936.o
    0x08014ee8   0x000000a4   Code   RO         3723    i.ff_wtoupper       cc936.o
    0x08014f8c   0x000002dc   Code   RO         3301    i.find_volume       ff.o
    0x08015268   0x00000086   Code   RO         3302    i.follow_path       ff.o
    0x080152ee   0x00000002   PAD
    0x080152f0   0x00000018   Code   RO          169    i.fputc             fml_usart.o
    0x08015308   0x000000a6   Code   RO         3303    i.gen_numname       ff.o
    0x080153ae   0x000000c4   Code   RO         3304    i.get_fat           ff.o
    0x08015472   0x00000004   Code   RO          622    i.get_fattime       fatfs.o
    0x08015476   0x0000004e   Code   RO         3306    i.get_ldnumber      ff.o
    0x080154c4   0x00000094   Code   RO         3307    i.inc_lock          ff.o
    0x08015558   0x00000026   Code   RO         3308    i.ld_clust          ff.o
    0x0801557e   0x00000016   Code   RO         3309    i.ld_dword          ff.o
    0x08015594   0x0000000a   Code   RO         3310    i.ld_word           ff.o
    0x0801559e   0x00000002   PAD
    0x080155a0   0x000002d0   Code   RO          331    i.main              main.o
    0x08015870   0x00000018   Code   RO         3311    i.mem_cmp           ff.o
    0x08015888   0x00000012   Code   RO         3312    i.mem_cpy           ff.o
    0x0801589a   0x0000000c   Code   RO         3313    i.mem_set           ff.o
    0x080158a6   0x00000034   Code   RO         3314    i.move_window       ff.o
    0x080158da   0x00000102   Code   RO         3316    i.put_fat           ff.o
    0x080159dc   0x00000074   Code   RO         3317    i.put_lfn           ff.o
    0x08015a50   0x00000050   Code   RO          253    i.rbCanRead         fml_looplist.o
    0x08015aa0   0x00000028   Code   RO          254    i.rbCanWrite        fml_looplist.o
    0x08015ac8   0x00000030   Code   RO          255    i.rbCapacity        fml_looplist.o
    0x08015af8   0x00000030   Code   RO          256    i.rbCreate          fml_looplist.o
    0x08015b28   0x000000c4   Code   RO          258    i.rbRead            fml_looplist.o
    0x08015bec   0x000000dc   Code   RO          259    i.rbWrite           fml_looplist.o
    0x08015cc8   0x0000007e   Code   RO         3321    i.remove_chain      ff.o
    0x08015d46   0x00000028   Code   RO         3322    i.st_clust          ff.o
    0x08015d6e   0x00000014   Code   RO         3323    i.st_dword          ff.o
    0x08015d82   0x0000000a   Code   RO         3324    i.st_word           ff.o
    0x08015d8c   0x0000001a   Code   RO         3325    i.sum_sfn           ff.o
    0x08015da6   0x00000002   PAD
    0x08015da8   0x0000008c   Code   RO         3326    i.sync_fs           ff.o
    0x08015e34   0x00000056   Code   RO         3327    i.sync_window       ff.o
    0x08015e8a   0x00000038   Code   RO         3328    i.validate          ff.o
    0x08015ec2   0x00000002   PAD
    0x08015ec4   0x00000014   Data   RO          567    .constdata          sd_diskio.o
    0x08015ed8   0x00000008   Data   RO         1607    .constdata          stm32f4xx_hal_dma.o
    0x08015ee0   0x00000010   Data   RO         3171    .constdata          system_stm32f4xx.o
    0x08015ef0   0x00000008   Data   RO         3172    .constdata          system_stm32f4xx.o
    0x08015ef8   0x0000002a   Data   RO         3330    .constdata          ff.o
    0x08015f22   0x0002abb6   Data   RO         3724    .constdata          cc936.o
    0x08040ad8   0x00000020   Data   RO         4063    Region$$Table       anon$$obj.o


    Execution Region RW_IRAM1 (Base: 0x20000000, Size: 0x00002250, Max: 0x00020000, ABSOLUTE)

    Base Addr    Size         Type   Attr      Idx    E Section Name        Object

    0x20000000   0x0000002c   Data   RW          170    .data               fml_usart.o
    0x2000002c   0x00000004   Data   RW          172    .data               fml_usart.o
    0x20000030   0x0000004f   Data   RW          339    .data               main.o
    0x2000007f   0x00000001   Data   RW          568    .data               sd_diskio.o
    0x20000080   0x00000005   Data   RW          625    .data               fatfs.o
    0x20000085   0x00000003   PAD
    0x20000088   0x00000004   Data   RW          675    .data               stm32f4xx_it.o
    0x2000008c   0x00000004   Data   RW          785    .data               stm32f4xx_hal_msp.o
    0x20000090   0x00000008   Data   RW          843    .data               app_looplist.o
    0x20000098   0x00000004   Data   RW          844    .data               app_looplist.o
    0x2000009c   0x00000004   Data   RW          845    .data               app_looplist.o
    0x200000a0   0x00000004   Data   RW          875    .data               app_usart.o
    0x200000a4   0x0000000c   Data   RW         2034    .data               stm32f4xx_hal.o
    0x200000b0   0x00000004   Data   RW         3173    .data               system_stm32f4xx.o
    0x200000b4   0x00000008   Data   RW         3331    .data               ff.o
    0x200000bc   0x00000004   Data   RW         4039    .data               mc_w.l(stdout.o)
    0x200000c0   0x00000010   Zero   RW          260    .bss                fml_looplist.o
    0x200000d0   0x0000057c   Zero   RW          332    .bss                main.o
    0x2000064c   0x00000060   Zero   RW          333    .bss                main.o
    0x200006ac   0x00000060   Zero   RW          334    .bss                main.o
    0x2000070c   0x00000060   Zero   RW          335    .bss                main.o
    0x2000076c   0x00000234   Zero   RW          623    .bss                fatfs.o
    0x200009a0   0x00000880   Zero   RW          842    .bss                app_looplist.o
    0x20001220   0x00000020   Zero   RW         3329    .bss                ff.o
    0x20001240   0x0000000c   Zero   RW         3652    .bss                ff_gen_drv.o
    0x2000124c   0x00000004   PAD
    0x20001250   0x00001000   Zero   RW            1    STACK               startup_stm32f407xx.o


==============================================================================

Image component sizes


      Code (inc. data)   RO Data    RW Data    ZI Data      Debug   Object Name

       536        264          0         16       2176       2259   app_looplist.o
       140         14          0          4          0        796   app_usart.o
       192         26          0          0          0       6691   bsp_driver_sd.o
       260         26     175030          0          0       2995   cc936.o
       160         26          0          0          0       3713   diskio.o
        48         14          0          5        564       1516   fatfs.o
      6238         98         42          8         32      47745   ff.o
        74          4          0          0         12       1647   ff_gen_drv.o
        72          0          0          0          0       1489   fml_can.o
        26          0          0          0          0     692960   fml_led.o
       728        284          0          0         16       5710   fml_looplist.o
        60         10          0         48          0       2147   fml_usart.o
      1720        480          0         79       1692      41778   main.o
       224         14         20          1          0       4032   sd_diskio.o
        36          8        392          0       4096        840   startup_stm32f407xx.o
       180         28          0         12          0       9377   stm32f4xx_hal.o
      1438          6          0          0          0      12564   stm32f4xx_hal_can.o
       198         14          0          0          0      33643   stm32f4xx_hal_cortex.o
      1084         16          8          0          0       6606   stm32f4xx_hal_dma.o
       522         46          0          0          0       2613   stm32f4xx_hal_gpio.o
       804         80          0          4          0       3624   stm32f4xx_hal_msp.o
      1348         76          0          0          0       5060   stm32f4xx_hal_rcc.o
      3140         42          0          0          0      13891   stm32f4xx_hal_sd.o
      1992         30          0          0          0      14070   stm32f4xx_hal_uart.o
       160         58          0          4          0       7530   stm32f4xx_it.o
      1668         48          0          0          0      22231   stm32f4xx_ll_sdmmc.o
         0          0          0          0          0        544   syscall.o
        16          4         24          4          0       1119   system_stm32f4xx.o

    ----------------------------------------------------------------------
     23116       1716     175548        188       8592     949190   Object Totals
         0          0         32          0          0          0   (incl. Generated)
        52          0          0          3          4          0   (incl. Padding)

    ----------------------------------------------------------------------

      Code (inc. data)   RO Data    RW Data    ZI Data      Debug   Library Member Name

         0          0          0          0          0          0   entry.o
         0          0          0          0          0          0   entry10a.o
         0          0          0          0          0          0   entry11a.o
         8          4          0          0          0          0   entry2.o
         4          0          0          0          0          0   entry5.o
         0          0          0          0          0          0   entry7b.o
         0          0          0          0          0          0   entry8b.o
         8          4          0          0          0          0   entry9a.o
        30          0          0          0          0          0   handlers.o
        36          8          0          0          0         68   init.o
        30          0          0          0          0         68   llshl.o
        32          0          0          0          0         68   llushr.o
        36          0          0          0          0         68   memcpya.o
        36          0          0          0          0        108   memseta.o
       372         14          0          0          0        184   printf1.o
         0          0          0          4          0          0   stdout.o
        14          0          0          0          0         68   strlen.o
        44          0          0          0          0         80   uidiv.o
        98          0          0          0          0         92   uldiv.o

    ----------------------------------------------------------------------
       752         30          0          4          0        804   Library Totals
         4          0          0          0          0          0   (incl. Padding)

    ----------------------------------------------------------------------

      Code (inc. data)   RO Data    RW Data    ZI Data      Debug   Library Name

       748         30          0          4          0        804   mc_w.l

    ----------------------------------------------------------------------
       752         30          0          4          0        804   Library Totals

    ----------------------------------------------------------------------

==============================================================================


      Code (inc. data)   RO Data    RW Data    ZI Data      Debug   

     23868       1746     175548        192       8592     928186   Grand Totals
     23868       1746     175548        192       8592     928186   ELF Image Totals
     23868       1746     175548        192          0          0   ROM Totals

==============================================================================

    Total RO  Size (Code + RO Data)               199416 ( 194.74kB)
    Total RW  Size (RW Data + ZI Data)              8784 (   8.58kB)
    Total ROM Size (Code + RO Data + RW Data)     199608 ( 194.93kB)

==============================================================================

